  v2: new vessel
  v1: +5.5343 mol water
  v1: answered by vendored USGS phreeqc.dat — no represented acid, base, salt, surface, exchanger, gas transfer, or reactive aqueous solute; evaluated the solvent relation without invoking IPhreeqc, while preserving all spectator inventory
  v1: +0.0166 mol silicon dioxide (quartz)
  v1: 20.0 µmol silicon dioxide (quartz) dissolved
  v1: silicon dioxide (quartz) does not react — silicon dioxide (quartz) hardly dissolves in water: its reviewed solubility is 0.0012 g per 100 mL, which is below anything a beaker would show. A trace of it is in solution; the rest is still there
  v2: +5.5343 mol water
  v2: answered by vendored USGS phreeqc.dat — no represented acid, base, salt, surface, exchanger, gas transfer, or reactive aqueous solute; evaluated the solvent relation without invoking IPhreeqc, while preserving all spectator inventory
  v2: +1.00 mmol sodium chloride
  v2: 1.00 mmol sodium chloride dissolved
  v2: answered by wateq4f.dat plus USBM IC 9429 reference-temperature complexes, with the reviewed Sander HBr gas-uptake slice — the default inorganic aqueous dataset
  v2: pH 7.00
  v1 conductivity meter: 0.06 µS/cm — This estimate is incomplete: contributing model data are missing.
  v2 conductivity meter: 1204.29 µS/cm — This is a model estimate with limited calibration or simplifying assumptions.
  v1 (beaker) — 25.00 °C, 100.7 g, 100.0 mL liquid, open to atmosphere, pH 7.00, I = 0.0000 m
          5.5343 mol  water              Liquid
          0.0166 mol  silicon dioxide (quartz) Solid
           20.0 µmol  silicon dioxide (quartz) Aqueous
  v2 (beaker) — 24.99 °C, 99.8 g, 100.0 mL liquid, open to atmosphere, pH 7.00, I = 0.0100 m
           1.00 mmol  chloride ion       Aqueous
           1.00 mmol  sodium ion         Aqueous
          5.5343 mol  water              Liquid
