  v1: T 298.150 K → 278.150 K (ΔT = -20.000 K)
  v1: +5.550930 mol water (H2O, M = 18.015 g/mol)
  v1: routing → Kerotakis analytic equilibrium evaluator · vendored USGS phreeqc.dat · ideal-dilute water autoionisation (PHREEQC six-coefficient log K relation) — no represented acid, base, salt, surface, exchanger, gas transfer, or reactive aqueous solute; evaluated the solvent relation without invoking IPhreeqc, while preserving all spectator inventory
  v1: T 278.150 K → 278.198 K (ΔT = +0.048 K)
  v1: +0.020000 mol sodium chloride (NaCl, M = 58.443 g/mol)
  v1: 0.020000 mol sodium chloride dissolved
  v1: routing → PHREEQC (IPhreeqc, USGS) · wateq4f.dat plus USBM IC 9429 reference-temperature complexes, with the reviewed Sander HBr gas-uptake slice · WATEQ Debye-Hückel extension (reliable to about I = 1 mol/kgw) — the default inorganic aqueous dataset; the solvent's activity is NOT from this dataset — it reports PHREEQC's hard-coded 1 - 0.017*Sum(m) placeholder rather than a model — but from a second speciation of the same solution on pitzer.dat, with the reviewed Sander HBr gas-uptake slice (Pitzer specific-ion-interaction model (valid at high ionic strength)), posed with no phases, gas or interfaces and asked for a_w alone
  v1: pH 7.346 · I = 0.2000 mol/kgw
  v1: T 278.198 K → 277.965 K (ΔT = -0.233 K)
  v2: new vessel
  v2: T 298.150 K → 278.150 K (ΔT = -20.000 K)
  v2: +5.550930 mol water (H2O, M = 18.015 g/mol)
  v2: routing → Kerotakis analytic equilibrium evaluator · vendored USGS phreeqc.dat · ideal-dilute water autoionisation (PHREEQC six-coefficient log K relation) — no represented acid, base, salt, surface, exchanger, gas transfer, or reactive aqueous solute; evaluated the solvent relation without invoking IPhreeqc, while preserving all spectator inventory
  v2: T 278.150 K → 278.601 K (ΔT = +0.451 K)
  v2: +0.020000 mol sucrose (C12H22O11, M = 342.296 g/mol)
  v2: 0.020000 mol sucrose dissolved
  v1: T 277.965 K → 272.064 K (ΔT = -5.901 K)
  v1: thermal energy requested=15000.000000 J, delivered=15000.000000 J, heating=false, time_coupled=false
  v1: pH 8.249 · I = 0.2000 mol/kgw
  v1: water Liquid → Solid at 272.06 K (-1.09 °C), shifted -1.086 K by dissolved particles
  v1: pH 7.465 · I = 0.3201 mol/kgw
  v1: reaction heat for water is not priced; the temperature estimate is incomplete
  v2: T 278.601 K → 272.561 K (ΔT = -6.040 K)
  v2: thermal energy requested=15000.000000 J, delivered=15000.000000 J, heating=false, time_coupled=false
  v2: water Liquid → Solid at 272.56 K (-0.59 °C), shifted -0.589 K by dissolved particles
  v1 (beaker) — -1.09 °C, 101.2 g, 62.7 mL liquid, open to atmosphere, pH 7.46, I = 0.3201 m
      temperature estimate is incomplete: reaction heat for water is not priced
          2.0827 mol  water              Solid
          0.0200 mol  chloride ion       Aqueous
          0.0200 mol  sodium ion         Aqueous
          3.4683 mol  water              Liquid
      speciation (mol/kgw · activity · γ):
        H2O              5.5510e1    9.8910e-1   γ=0.018
        Cl-             3.2010e-1    2.1941e-1   γ=0.685
        Na+             3.2010e-1    2.3410e-1   γ=0.731
        O2              4.3880e-4    4.7230e-4   γ=1.076
        H+              4.3640e-8    3.4302e-8   γ=0.786
        OH-             4.3640e-8    2.9584e-8   γ=0.678
  v2 (beaker) — -0.59 °C, 106.8 g, 63.0 mL liquid, open to atmosphere, pH 7.48, I = 0.0000 m
          3.4881 mol  water              Liquid
          0.0200 mol  sucrose            Aqueous
          2.0629 mol  water              Solid
      speciation (mol/kgw · activity · γ):
        H+              3.2968e-8    3.2968e-8   γ=1.000
        OH-             3.2968e-8    3.2968e-8   γ=1.000
