  v1: +5.534277 mol water (H2O, M = 18.015 g/mol)
  v1: routing → Kerotakis analytic equilibrium evaluator · vendored USGS phreeqc.dat · ideal-dilute water autoionisation (PHREEQC six-coefficient log K relation) — no represented acid, base, salt, surface, exchanger, gas transfer, or reactive aqueous solute; evaluated the solvent relation without invoking IPhreeqc, while preserving all spectator inventory
  v1: +0.001000 mol hydrochloric acid (HCl, M = 36.461 g/mol)
  v1: routing → PHREEQC (IPhreeqc, USGS) · wateq4f.dat plus USBM IC 9429 reference-temperature complexes, with the reviewed Sander HBr gas-uptake slice · WATEQ Debye-Hückel extension (reliable to about I = 1 mol/kgw) — the default inorganic aqueous dataset
  v1: pH 2.038 · I = 0.0100 mol/kgw
  v2: new vessel
  v2: +5.534277 mol water (H2O, M = 18.015 g/mol)
  v2: routing → Kerotakis analytic equilibrium evaluator · vendored USGS phreeqc.dat · ideal-dilute water autoionisation (PHREEQC six-coefficient log K relation) — no represented acid, base, salt, surface, exchanger, gas transfer, or reactive aqueous solute; evaluated the solvent relation without invoking IPhreeqc, while preserving all spectator inventory
  v2: +0.001000 mol acetic acid (CH3COOH, M = 60.052 g/mol)
  v2: routing → PHREEQC (IPhreeqc, USGS) · minteq.v4.dat plus reviewed lactate and USBM IC 9429 reference-temperature complexes, with the reviewed Sander HBr gas-uptake slice · WATEQ Debye-Hückel extension (reliable to about I = 1 mol/kgw) — chosen because the problem needs chemistry the default dataset lacks (organic ligands, the borrowed hypochlorite couple, or free phosphoric acid)
  v2: pH 3.387 · I = 0.0004 mol/kgw
  v1 pH meter: 2.0381 pH
  v2 pH meter: 3.3871 pH
  v1 (beaker) — 25.00 °C, 99.7 g, 100.0 mL liquid, open to atmosphere, pH 2.04, I = 0.0100 m
           1.00 mmol  chloride ion       Aqueous
          5.5343 mol  water              Liquid
           1.00 mmol  hydrogen ion       Aqueous
      speciation (mol/kgw · activity · γ):
        H2O              5.5510e1    9.9970e-1   γ=0.018
        H+              1.0030e-2    9.1600e-3   γ=0.913
        Cl-             1.0030e-2    9.0290e-3   γ=0.900
        O2              2.6710e-4    2.6770e-4   γ=1.002
  v2 (beaker) — 25.00 °C, 99.8 g, 100.0 mL liquid, open to atmosphere, pH 3.39, I = 0.0004 m
            958 µmol  acetic acid        Aqueous
           41.9 µmol  acetate ion        Aqueous
          5.5343 mol  water              Liquid
           41.9 µmol  hydrogen ion       Aqueous
      speciation (mol/kgw · activity · γ):
        H2O              5.5510e1    9.9980e-1   γ=0.018
        H(Acetate)      9.6100e-3    9.6100e-3   γ=1.000
        H+              4.1980e-4    4.1010e-4   γ=0.977
        Acetate-        4.1980e-4    4.1010e-4   γ=0.977
        O2              2.5960e-4    2.5960e-4   γ=1.000
