  v2: new vessel
  v3: new vessel
  v1: +0.000000 mol water (H2O, M = 18.015 g/mol)
  v1: routing → Kerotakis analytic equilibrium evaluator · vendored USGS phreeqc.dat · ideal-dilute water autoionisation (PHREEQC six-coefficient log K relation) — no represented acid, base, salt, surface, exchanger, gas transfer, or reactive aqueous solute; evaluated the solvent relation without invoking IPhreeqc, while preserving all spectator inventory
  v1: +10000000000000000159028911097599180468360808563945281389781327557747838772170381060813469985856815104.000000 mol ethanol (C2H5OH, M = 46.069 g/mol)
  v1 (beaker) — 25.00 °C, 460690000000000061719089218783484901670928018884101035426585065878739639924612945370196830239070355456.0 g, 583891001267427134823597701715387597993594932105459587900602274344603776065626587281571317705871458304.0 mL liquid, open to atmosphere
           0.00 pmol  water              Liquid
      10000000000000000159028911097599180468360808563945281389781327557747838772170381060813469985856815104.0000 mol  ethanol            Liquid
  v2 (beaker) — 25.00 °C, 0.0 g, 0.0 mL liquid, open to atmosphere
      (empty)
  v3 (beaker) — 25.00 °C, 0.0 g, 0.0 mL liquid, open to atmosphere
      (empty)
  v1: NOT MODELLED: the complete requested distillation at 101.3 kPa could not finish: a positive component is too small to retain in a phase composition. No cut was transferred
  v1 (beaker) — 25.00 °C, 460690000000000061719089218783484901670928018884101035426585065878739639924612945370196830239070355456.0 g, 583891001267427134823597701715387597993594932105459587900602274344603776065626587281571317705871458304.0 mL liquid, open to atmosphere
           0.00 pmol  water              Liquid
      10000000000000000159028911097599180468360808563945281389781327557747838772170381060813469985856815104.0000 mol  ethanol            Liquid
  v2 (beaker) — 25.00 °C, 0.0 g, 0.0 mL liquid, open to atmosphere
      (empty)
  v3 (beaker) — 25.00 °C, 0.0 g, 0.0 mL liquid, open to atmosphere
      (empty)
