  v2: new vessel
  v3: new vessel
  v1: +0.500000 mol water (H2O, M = 18.015 g/mol)
  v1: routing → Kerotakis analytic equilibrium evaluator · vendored USGS phreeqc.dat · ideal-dilute water autoionisation (PHREEQC six-coefficient log K relation) — no represented acid, base, salt, surface, exchanger, gas transfer, or reactive aqueous solute; evaluated the solvent relation without invoking IPhreeqc, while preserving all spectator inventory
  v1: +0.500000 mol ethanol (C2H5OH, M = 46.069 g/mol)
  v1 (beaker) — 25.00 °C, 32.0 g, 38.2 mL liquid, open to atmosphere, pH 7.00, I = 0.0000 m
          0.5000 mol  water              Liquid
          0.5000 mol  ethanol            Liquid
      speciation (mol/kgw · activity · γ):
        H+              1.0061e-7    1.0061e-7   γ=1.000
        OH-             1.0061e-7    1.0061e-7   γ=1.000
  v2 (beaker) — 25.00 °C, 0.0 g, 0.0 mL liquid, open to atmosphere
      (empty)
  v3 (beaker) — 25.00 °C, 0.0 g, 0.0 mL liquid, open to atmosphere
      (empty)
  v1 → v2: Rayleigh batch cut, 1 ideal stage(s) at total reflux (a real column at finite reflux separates less, never more); pot 353.03 K → 353.05 K; latent heat 0.39 kJ paid by the burner and dumped by the condenser, deliberately outside the vessel ledger
  v1 (beaker) — 25.00 °C, 31.7 g, 37.8 mL liquid, open to atmosphere, pH 7.00, I = 0.0000 m
          0.4965 mol  water              Liquid
          0.4935 mol  ethanol            Liquid
      speciation (mol/kgw · activity · γ):
        H+              1.0061e-7    1.0061e-7   γ=1.000
        OH-             1.0061e-7    1.0061e-7   γ=1.000
  v2 (beaker) — 25.00 °C, 0.4 g, 0.4 mL liquid, open to atmosphere
           3.45 mmol  water              Liquid
           6.55 mmol  ethanol            Liquid
  v3 (beaker) — 25.00 °C, 0.0 g, 0.0 mL liquid, open to atmosphere
      (empty)
