[1m[92m    Updating[0m crates.io index
[1m[92m     Locking[0m 311 packages to highest compatible versions
[1m[92m      Adding[0m criterion v0.5.1 [1m[33m(available: v0.8.2)[0m
[1m[92m      Adding[0m diffsol v0.16.2 [1m[33m(available: v0.17.1)[0m
[1m[92m      Adding[0m generic-array v0.14.7 [1m[33m(available: v0.14.9)[0m
[1m[92m      Adding[0m getrandom v0.3.4 [1m[33m(available: v0.4.3)[0m
[1m[92m      Adding[0m js-sys v0.3.104 [1m[33m(available: v0.3.106)[0m
[1m[92m      Adding[0m rand v0.9.5 [1m[33m(available: v0.10.3)[0m
[1m[92m      Adding[0m rand_chacha v0.9.0 [1m[33m(available: v0.10.0)[0m
[1m[92m      Adding[0m rand_distr v0.5.1 [1m[33m(available: v0.6.0)[0m
[1m[92m      Adding[0m rapier2d v0.35.3 [1m[33m(available: v0.36.0)[0m
[1m[92m      Adding[0m sha2 v0.10.9 [1m[33m(available: v0.11.0)[0m
[1m[92m      Adding[0m talc v4.4.3 [1m[33m(available: v5.1.1)[0m
[1m[92m      Adding[0m toml v0.8.23 [1m[33m(available: v1.1.6+spec-1.1.0)[0m
[1m[92m      Adding[0m wasm-bindgen v0.2.127 [1m[33m(available: v0.2.129)[0m
[1m[92m      Adding[0m wasm-bindgen-macro v0.2.127 [1m[33m(available: v0.2.129)[0m
[1m[92m      Adding[0m wasm-bindgen-macro-support v0.2.127 [1m[33m(available: v0.2.129)[0m
[1m[92m      Adding[0m wasm-bindgen-shared v0.2.127 [1m[33m(available: v0.2.129)[0m
[1m[92m      Adding[0m web-sys v0.3.104 [1m[33m(available: v0.3.106)[0m
[1m[92m Downloading[0m crates ...
[1m[92m  Downloaded[0m defer v0.2.1
[1m[92m  Downloaded[0m ciborium-ll v0.2.2
[1m[92m  Downloaded[0m block-buffer v0.10.4
[1m[92m  Downloaded[0m equator v0.6.0
[1m[92m  Downloaded[0m gemm-c64 v0.19.0
[1m[92m  Downloaded[0m gemm-f32 v0.19.0
[1m[92m  Downloaded[0m interpol v0.2.1
[1m[92m  Downloaded[0m crossbeam v0.8.5
[1m[92m  Downloaded[0m crypto-common v0.1.7
[1m[92m  Downloaded[0m equator-macro v0.6.0
[1m[92m  Downloaded[0m itoa v1.0.18
[1m[92m  Downloaded[0m nano-gemm-f64 v0.2.1
[1m[92m  Downloaded[0m autocfg v1.5.1
[1m[92m  Downloaded[0m clap_lex v1.1.1
[1m[92m  Downloaded[0m crossbeam-deque v0.8.8
[1m[92m  Downloaded[0m equator v0.2.2
[1m[92m  Downloaded[0m anstyle v1.0.14
[1m[92m  Downloaded[0m bytemuck_derive v1.12.1
[1m[92m  Downloaded[0m cpufeatures v0.2.17
[1m[92m  Downloaded[0m criterion-plot v0.5.0
[1m[92m  Downloaded[0m nano-gemm v0.2.2
[1m[92m  Downloaded[0m nano-gemm-codegen v0.2.1
[1m[92m  Downloaded[0m num_cpus v1.17.0
[1m[92m  Downloaded[0m diffsol-nl v0.1.1
[1m[92m  Downloaded[0m crossbeam-utils v0.8.23
[1m[92m  Downloaded[0m dashmap v6.2.1
[1m[92m  Downloaded[0m foldhash v0.1.5
[1m[92m  Downloaded[0m num-complex v0.4.6
[1m[92m  Downloaded[0m num-traits v0.2.19
[1m[92m  Downloaded[0m plotters-svg v0.3.7
[1m[92m  Downloaded[0m ahash v0.8.12
[1m[92m  Downloaded[0m allocator-api2 v0.2.21
[1m[92m  Downloaded[0m anes v0.1.6
[1m[92m  Downloaded[0m bytemuck v1.25.2
[1m[92m  Downloaded[0m crossbeam-channel v0.5.17
[1m[92m  Downloaded[0m crossbeam-epoch v0.9.21
[1m[92m  Downloaded[0m diffsol-la v0.1.1
[1m[92m  Downloaded[0m hashbrown v0.15.5
[1m[92m  Downloaded[0m log v0.4.34
[1m[92m  Downloaded[0m pest_generator v2.9.2
[1m[92m  Downloaded[0m rand_core v0.9.5
[1m[92m  Downloaded[0m rawpointer v0.2.1
[1m[92m  Downloaded[0m rustc-hash v1.1.0
[1m[92m  Downloaded[0m serde_spanned v0.6.9
[1m[92m  Downloaded[0m aho-corasick v1.1.5
[1m[92m  Downloaded[0m contour v0.13.1
[1m[92m  Downloaded[0m diffsol v0.16.2
[1m[92m  Downloaded[0m dyn-stack v0.13.2
[1m[92m  Downloaded[0m gemm-common v0.19.0
[1m[92m  Downloaded[0m lasso v0.7.3
[1m[92m  Downloaded[0m nano-gemm-c32 v0.2.1
[1m[92m  Downloaded[0m num-bigint v0.4.8
[1m[92m  Downloaded[0m nalgebra-macros v0.3.0
[1m[92m  Downloaded[0m lock_api v0.4.14
[1m[92m  Downloaded[0m generativity v1.2.1
[1m[92m  Downloaded[0m atomic-wait v1.1.0
[1m[92m  Downloaded[0m faer-traits v0.24.0
[1m[92m  Downloaded[0m cast v0.3.0
[1m[92m  Downloaded[0m gemm-c32 v0.19.0
[1m[92m  Downloaded[0m nano-gemm-c64 v0.2.1
[1m[92m  Downloaded[0m reborrow v0.5.5
[1m[92m  Downloaded[0m ciborium v0.2.2
[1m[92m  Downloaded[0m fixedbitset v0.5.7
[1m[92m  Downloaded[0m gemm-f16 v0.19.0
[1m[92m  Downloaded[0m gemm-f64 v0.19.0
[1m[92m  Downloaded[0m oorandom v11.1.5
[1m[92m  Downloaded[0m tinytemplate v1.2.1
[1m[92m  Downloaded[0m approx v0.5.1
[1m[92m  Downloaded[0m clap_builder v4.6.7
[1m[92m  Downloaded[0m proc-macro2 v1.0.107
[1m[92m  Downloaded[0m rand v0.9.5
[1m[92m  Downloaded[0m sha2 v0.10.9
[1m[92m  Downloaded[0m slab v0.4.12
[1m[92m  Downloaded[0m ucd-trie v0.1.7
[1m[92m  Downloaded[0m unsafe-libyaml v0.2.11
[1m[92m  Downloaded[0m safe_arch v1.2.0
[1m[92m  Downloaded[0m serde_core v1.0.229
[1m[92m  Downloaded[0m toml_edit v0.22.27
[1m[92m  Downloaded[0m is-terminal v0.4.17
[1m[92m  Downloaded[0m nano-gemm-f32 v0.2.1
[1m[92m  Downloaded[0m ciborium-io v0.2.2
[1m[92m  Downloaded[0m quote v1.0.47
[1m[92m  Downloaded[0m syn v1.0.109
[1m[92m  Downloaded[0m syn v3.0.6
[1m[92m  Downloaded[0m zerocopy-derive v0.8.59
[1m[92m  Downloaded[0m gemm v0.19.0
[1m[92m  Downloaded[0m qd v0.8.0
[1m[92m  Downloaded[0m dyn-stack-macros v0.1.3
[1m[92m  Downloaded[0m equator v0.4.2
[1m[92m  Downloaded[0m equivalent v1.0.2
[1m[92m  Downloaded[0m generic-array v0.14.7
[1m[92m  Downloaded[0m matrixmultiply v0.3.11
[1m[92m  Downloaded[0m nano-gemm-core v0.2.1
[1m[92m  Downloaded[0m npyz v0.8.4
[1m[92m  Downloaded[0m num-integer v0.1.47
[1m[92m  Downloaded[0m petgraph v0.8.3
[1m[92m  Downloaded[0m regex-automata v0.4.18
[1m[92m  Downloaded[0m bitflags v2.13.2
[1m[92m  Downloaded[0m byteorder v1.5.0
[1m[92m  Downloaded[0m lazy_static v1.5.1
[1m[92m  Downloaded[0m num-rational v0.4.2
[1m[92m  Downloaded[0m digest v0.10.7
[1m[92m  Downloaded[0m scopeguard v1.2.0
[1m[92m  Downloaded[0m wide v1.7.1
[1m[92m  Downloaded[0m crossbeam-queue v0.3.14
[1m[92m  Downloaded[0m equator-macro v0.4.2
[1m[92m  Downloaded[0m half v2.7.1
[1m[92m  Downloaded[0m equator-macro v0.2.1
[1m[92m  Downloaded[0m getrandom v0.3.4
[1m[92m  Downloaded[0m hashbrown v0.17.1
[1m[92m  Downloaded[0m clap v4.6.7
[1m[92m  Downloaded[0m either v1.18.0
[1m[92m  Downloaded[0m hashbrown v0.14.5
[1m[92m  Downloaded[0m criterion v0.5.1
[1m[92m  Downloaded[0m indexmap v2.14.2
[1m[92m  Downloaded[0m memchr v2.8.3
[1m[92m  Downloaded[0m bumpalo v3.20.3
[1m[92m  Downloaded[0m itertools v0.10.5
[1m[92m  Downloaded[0m libm v0.2.16
[1m[92m  Downloaded[0m nalgebra v0.35.0
[1m[92m  Downloaded[0m geo-types v0.7.20
[1m[92m  Downloaded[0m paste v1.0.15
[1m[92m  Downloaded[0m glam v0.33.12
[1m[92m  Downloaded[0m glam v0.32.1
[1m[92m  Downloaded[0m libc v0.2.189
[1m[92m  Downloaded[0m ppv-lite86 v0.2.21
[1m[92m  Downloaded[0m glam v0.30.10
[1m[92m  Downloaded[0m glam v0.31.1
[1m[92m  Downloaded[0m private-gemm-x86 v0.1.20
[1m[92m  Downloaded[0m rand_chacha v0.9.0
[1m[92m  Downloaded[0m faer v0.24.4
[1m[92m  Downloaded[0m serde_yaml_ng v0.10.0
[1m[92m  Downloaded[0m syn v2.0.119
[1m[92m  Downloaded[0m smallvec v1.16.2
[1m[92m  Downloaded[0m winnow v0.7.15
[1m[92m  Downloaded[0m same-file v1.0.6
[1m[92m  Downloaded[0m pest v2.9.2
[1m[92m  Downloaded[0m simba v0.10.2
[1m[92m  Downloaded[0m serde_json v1.0.151
[1m[92m  Downloaded[0m pest_meta v2.9.2
[1m[92m  Downloaded[0m toml_write v0.1.2
[1m[92m  Downloaded[0m cfg-if v1.0.5
[1m[92m  Downloaded[0m spindle v0.2.6
[1m[92m  Downloaded[0m py_literal v0.4.0
[1m[92m  Downloaded[0m toml v0.8.23
[1m[92m  Downloaded[0m rayon-core v1.13.0
[1m[92m  Downloaded[0m serde v1.0.229
[1m[92m  Downloaded[0m seq-macro v0.3.6
[1m[92m  Downloaded[0m version_check v0.9.5
[1m[92m  Downloaded[0m pest_derive v2.9.2
[1m[92m  Downloaded[0m pulp v0.22.3
[1m[92m  Downloaded[0m regex v1.13.1
[1m[92m  Downloaded[0m toml_datetime v0.6.11
[1m[92m  Downloaded[0m plotters-backend v0.3.7
[1m[92m  Downloaded[0m rand_distr v0.5.1
[1m[92m  Downloaded[0m thiserror-impl v2.0.21
[1m[92m  Downloaded[0m raw-cpuid v11.6.0
[1m[92m  Downloaded[0m walkdir v2.5.0
[1m[92m  Downloaded[0m zmij v1.0.23
[1m[92m  Downloaded[0m unicode-ident v1.0.26
[1m[92m  Downloaded[0m ryu v1.0.23
[1m[92m  Downloaded[0m parking_lot_core v0.9.12
[1m[92m  Downloaded[0m rand_core v0.6.4
[1m[92m  Downloaded[0m plotters v0.3.7
[1m[92m  Downloaded[0m rayon v1.12.0
[1m[92m  Downloaded[0m once_cell v1.21.4
[1m[92m  Downloaded[0m pulp-wasm-simd-flag v0.1.1
[1m[92m  Downloaded[0m thiserror v2.0.21
[1m[92m  Downloaded[0m typenum v1.20.1
[1m[92m  Downloaded[0m rand v0.8.8
[1m[92m  Downloaded[0m serde_derive v1.0.229
[1m[92m  Downloaded[0m regex-syntax v0.8.11
[1m[92m  Downloaded[0m zerocopy v0.8.59
[1m[92m   Compiling[0m proc-macro2 v1.0.107
[1m[92m   Compiling[0m unicode-ident v1.0.26
[1m[92m   Compiling[0m quote v1.0.47
[1m[92m   Compiling[0m autocfg v1.5.1
[1m[92m   Compiling[0m libm v0.2.16
[1m[92m   Compiling[0m num-traits v0.2.19
[1m[92m   Compiling[0m syn v2.0.119
[1m[92m   Compiling[0m version_check v0.9.5
[1m[92m   Compiling[0m cfg-if v1.0.5
[1m[92m   Compiling[0m bytemuck v1.25.2
[1m[92m   Compiling[0m crossbeam-utils v0.8.23
[1m[92m   Compiling[0m rand_core v0.6.4
[1m[92m   Compiling[0m rand v0.8.8
[1m[92m   Compiling[0m num-complex v0.4.6
[1m[92m   Compiling[0m libc v0.2.189
[1m[92m   Compiling[0m syn v3.0.6
[1m[92m   Compiling[0m crossbeam-epoch v0.9.21
[1m[92m   Compiling[0m zerocopy v0.8.59
[1m[92m   Compiling[0m crossbeam-deque v0.8.8
[1m[92m   Compiling[0m zerocopy-derive v0.8.59
[1m[92m   Compiling[0m memchr v2.8.3
[1m[92m   Compiling[0m nano-gemm-codegen v0.2.1
[1m[92m   Compiling[0m either v1.18.0
[1m[92m   Compiling[0m rayon-core v1.13.0
[1m[92m   Compiling[0m once_cell v1.21.4
[1m[92m   Compiling[0m bitflags v2.13.2
[1m[92m   Compiling[0m paste v1.0.15
[1m[92m   Compiling[0m serde_core v1.0.229
[1m[92m   Compiling[0m raw-cpuid v11.6.0
[1m[92m   Compiling[0m pulp v0.22.3
[1m[92m   Compiling[0m rayon v1.12.0
[1m[92m   Compiling[0m pulp-wasm-simd-flag v0.1.1
[1m[92m   Compiling[0m serde v1.0.229
[1m[92m   Compiling[0m reborrow v0.5.5
[1m[92m   Compiling[0m serde_derive v1.0.229
[1m[92m   Compiling[0m dyn-stack-macros v0.1.3
[1m[92m   Compiling[0m dyn-stack v0.13.2
[1m[92m   Compiling[0m syn v1.0.109
[1m[92m   Compiling[0m seq-macro v0.3.6
[1m[92m   Compiling[0m zmij v1.0.23
[1m[92m   Compiling[0m typenum v1.20.1
[1m[92m   Compiling[0m getrandom v0.3.4
[1m[92m   Compiling[0m ucd-trie v0.1.7
[1m[92m   Compiling[0m pest v2.9.2
[1m[92m   Compiling[0m gemm-common v0.19.0
[1m[92m   Compiling[0m num-integer v0.1.47
[1m[92m   Compiling[0m serde_json v1.0.151
[1m[92m   Compiling[0m itoa v1.0.18
[1m[92m   Compiling[0m nano-gemm-core v0.2.1
[1m[92m   Compiling[0m num-bigint v0.4.8
[1m[92m   Compiling[0m pest_meta v2.9.2
[1m[92m   Compiling[0m thiserror v2.0.21
[1m[92m   Compiling[0m pest_generator v2.9.2
[1m[92m   Compiling[0m rand_core v0.9.5
[1m[92m   Compiling[0m interpol v0.2.1
[1m[92m   Compiling[0m ppv-lite86 v0.2.21
[1m[92m   Compiling[0m nano-gemm-f64 v0.2.1
[1m[92m   Compiling[0m nano-gemm-c64 v0.2.1
[1m[92m   Compiling[0m nano-gemm-c32 v0.2.1
[1m[92m   Compiling[0m nano-gemm-f32 v0.2.1
[1m[92m   Compiling[0m thiserror-impl v2.0.21
[1m[92m   Compiling[0m crossbeam-channel v0.5.17
[1m[92m   Compiling[0m crossbeam-queue v0.3.14
[1m[92m   Compiling[0m generic-array v0.14.7
[1m[92m   Compiling[0m equator-macro v0.4.2
[1m[92m   Compiling[0m defer v0.2.1
[1m[92m   Compiling[0m private-gemm-x86 v0.1.20
[1m[92m   Compiling[0m equator v0.4.2
[1m[92m   Compiling[0m crossbeam v0.8.5
[1m[92m   Compiling[0m rand_chacha v0.9.0
[1m[92m   Compiling[0m pest_derive v2.9.2
[1m[92m   Compiling[0m atomic-wait v1.1.0
[1m[92m   Compiling[0m safe_arch v1.2.0
[1m[92m   Compiling[0m equator-macro v0.2.1
[1m[92m   Compiling[0m matrixmultiply v0.3.11
[1m[92m   Compiling[0m hashbrown v0.17.1
[1m[92m   Compiling[0m equivalent v1.0.2
[1m[92m   Compiling[0m indexmap v2.14.2
[1m[92m   Compiling[0m equator v0.2.2
[1m[92m   Compiling[0m wide v1.7.1
[1m[92m   Compiling[0m spindle v0.2.6
[1m[92m   Compiling[0m py_literal v0.4.0
[1m[92m   Compiling[0m rand v0.9.5
[1m[92m   Compiling[0m gemm-c64 v0.19.0
[1m[92m   Compiling[0m gemm-f32 v0.19.0
[1m[92m   Compiling[0m gemm-c32 v0.19.0
[1m[92m   Compiling[0m gemm-f64 v0.19.0
[1m[92m   Compiling[0m qd v0.8.0
[1m[92m   Compiling[0m num_cpus v1.17.0
[1m[92m   Compiling[0m ahash v0.8.12
[1m[92m   Compiling[0m approx v0.5.1
[1m[92m   Compiling[0m rawpointer v0.2.1
[1m[92m   Compiling[0m equator-macro v0.6.0
[1m[92m   Compiling[0m generativity v1.2.1
[1m[92m   Compiling[0m byteorder v1.5.0
[1m[92m   Compiling[0m npyz v0.8.4
[1m[92m   Compiling[0m faer-traits v0.24.0
[1m[92m   Compiling[0m equator v0.6.0
[1m[92m   Compiling[0m simba v0.10.2
[1m[92m   Compiling[0m gemm v0.19.0
[1m[92m   Compiling[0m nano-gemm v0.2.2
[1m[92m   Compiling[0m rand_distr v0.5.1
[1m[92m   Compiling[0m num-rational v0.4.2
[1m[92m   Compiling[0m nalgebra-macros v0.3.0
[1m[92m   Compiling[0m parking_lot_core v0.9.12
[1m[92m   Compiling[0m diffsol-la v0.1.1
[1m[92m   Compiling[0m nalgebra v0.35.0
[1m[92m   Compiling[0m faer v0.24.4
[1m[92m   Compiling[0m block-buffer v0.10.4
[1m[92m   Compiling[0m crypto-common v0.1.7
[1m[92m   Compiling[0m scopeguard v1.2.0
[1m[92m   Compiling[0m allocator-api2 v0.2.21
[1m[92m   Compiling[0m smallvec v1.16.2
[1m[92m   Compiling[0m foldhash v0.1.5
[1m[92m   Compiling[0m hashbrown v0.15.5
[1m[92m   Compiling[0m hashbrown v0.14.5
[1m[92m   Compiling[0m lock_api v0.4.14
[1m[92m   Compiling[0m digest v0.10.7
[1m[92m   Compiling[0m geo-types v0.7.20
[1m[92m   Compiling[0m toml_datetime v0.6.11
[1m[92m   Compiling[0m serde_spanned v0.6.9
[1m[92m   Compiling[0m rustc-hash v1.1.0
[1m[92m   Compiling[0m log v0.4.34
[1m[92m   Compiling[0m fixedbitset v0.5.7
[1m[92m   Compiling[0m diffsol v0.16.2
[1m[92m   Compiling[0m lazy_static v1.5.1
[1m[92m   Compiling[0m cpufeatures v0.2.17
[1m[92m   Compiling[0m slab v0.4.12
[1m[92m   Compiling[0m winnow v0.7.15
[1m[92m   Compiling[0m toml_write v0.1.2
[1m[92m   Compiling[0m toml_edit v0.22.27
[1m[92m   Compiling[0m contour v0.13.1
[1m[92m   Compiling[0m sha2 v0.10.9
[1m[92m   Compiling[0m petgraph v0.8.3
[1m[92m   Compiling[0m diffsol-nl v0.1.1
[1m[92m   Compiling[0m kerotakis-core v0.0.1 (/home/runner/work/kerotakis/kerotakis/crates/kerotakis-core)
[1m[92m   Compiling[0m dashmap v6.2.1
[1m[92m   Compiling[0m unsafe-libyaml v0.2.11
[1m[92m   Compiling[0m ryu v1.0.23
[1m[92m   Compiling[0m serde_yaml_ng v0.10.0
[1m[92m   Compiling[0m lasso v0.7.3
[1m[92m   Compiling[0m kerotakis-data v0.0.1 (/home/runner/work/kerotakis/kerotakis/crates/kerotakis-data)
[1m[92m   Compiling[0m kerotakis-thermo v0.0.1 (/home/runner/work/kerotakis/kerotakis/crates/kerotakis-thermo)
[1m[92m   Compiling[0m toml v0.8.23
[1m[92m   Compiling[0m half v2.7.1
[1m[92m   Compiling[0m plotters-backend v0.3.7
[1m[92m   Compiling[0m bumpalo v3.20.3
[1m[92m   Compiling[0m anstyle v1.0.14
[1m[92m   Compiling[0m regex-syntax v0.8.11
[1m[92m   Compiling[0m ciborium-io v0.2.2
[1m[92m   Compiling[0m clap_lex v1.1.1
[1m[92m   Compiling[0m clap_builder v4.6.7
[1m[92m   Compiling[0m ciborium-ll v0.2.2
[1m[92m   Compiling[0m regex-automata v0.4.18
[1m[92m   Compiling[0m plotters-svg v0.3.7
[1m[92m   Compiling[0m itertools v0.10.5
[1m[92m   Compiling[0m same-file v1.0.6
[1m[92m   Compiling[0m cast v0.3.0
[1m[92m   Compiling[0m criterion-plot v0.5.0
[1m[92m   Compiling[0m walkdir v2.5.0
[1m[92m   Compiling[0m plotters v0.3.7
[1m[92m   Compiling[0m regex v1.13.1
[1m[92m   Compiling[0m ciborium v0.2.2
[1m[92m   Compiling[0m clap v4.6.7
[1m[92m   Compiling[0m tinytemplate v1.2.1
[1m[92m   Compiling[0m is-terminal v0.4.17
[1m[92m   Compiling[0m anes v0.1.6
[1m[92m   Compiling[0m oorandom v11.1.5
[1m[92m   Compiling[0m criterion v0.5.1
[1m[92m   Compiling[0m kerotakis-cea v0.0.1 (/home/runner/work/kerotakis/kerotakis/crates/kerotakis-cea)
[1m[92m    Finished[0m `test` profile [unoptimized + debuginfo] target(s) in 2m 41s
[1m[92m     Running[0m unittests src/lib.rs (target/debug/deps/kerotakis_cea-60bc59f8859e92d9)

running 52 tests
test carbonate::tests::analytic_dissociation_agrees_with_independent_gibbs_minimisation ... ok
test carbonate::tests::carbonate_tp_refuses_inventory_outside_its_reaction_subspace ... ok
test gibbs::tests::a_crucible_half_way_through_a_calcination_still_solves ... ok
test gibbs::tests::a_phase_record_boundary_without_equal_gibbs_is_not_a_coexistence_root ... ok
test gibbs::tests::absent_element_carrier_remains_a_representability_ceiling ... ok
test gibbs::tests::affine_certificate_declines_larger_pools_and_multiple_reaction_degrees ... ok
test gibbs::tests::assigned_enthalpy_resolves_the_condensed_latent_heat_interval ... ok
test gibbs::tests::bare_carbonate_is_certified_against_gas_and_competing_solids ... ok
test gibbs::tests::burning_magnesium_conserves_every_element ... ok
test gibbs::tests::calcining_chalk_conserves_every_element ... ok
test gibbs::tests::carbonate_reaction_coexistence_closes_independent_latent_energy ... ok
test gibbs::tests::certified_condensed_readback_preserves_positive_stock_below_newton_floor ... ok
test gibbs::tests::certified_positive_gas_readback_preserves_inventory_below_trace_floor ... ok
test gibbs::tests::chalk_decomposes_when_it_is_hot_enough_and_not_before ... ok
test gibbs::tests::condensed_boundary_never_certifies_an_extrapolated_gas_record ... ok
test gibbs::tests::condensed_boundary_rejects_malformed_or_overflowing_numeric_states ... ok
test gibbs::tests::declaring_the_room_does_not_move_a_flame ... ok
test gibbs::tests::five_species_mixed_gas_activity_uses_total_diluent_and_closes_hp ... ok
test gibbs::tests::five_species_mixed_gas_retains_tiny_inert_component_with_finite_diluent ... ok
test gibbs::tests::graphite_vapour_pressure_selects_the_correct_phase_on_both_sides ... ok
test gibbs::tests::mixed_gas_condensed_coexistence_matches_mass_action_and_hp ... ok
test gibbs::tests::mixed_gas_condensed_equilibrium_retains_tiny_independent_inert_stock ... ok
test gibbs::tests::mixed_gas_line_certificate_declines_outside_its_proven_domain ... ok
test gibbs::tests::mixed_gas_line_certificate_matches_activity_across_pressure_and_inventory_scales ... ok
test gibbs::tests::multiple_carbon_gases_use_the_joint_tangent_stability_test ... ok
test gibbs::tests::oxygen_does_not_leave_solid_carbon_behind ... ok
test gibbs::tests::positive_gas_coexistence_certifies_a_feasible_equal_g_endpoint ... ok
test gibbs::tests::positive_gas_condensed_competition_selects_the_nasa_stable_endpoint ... ok
test gibbs::tests::rank_deficient_bare_chalk_returns_a_certified_condensed_state ... ok
test gibbs::tests::redundant_components_allow_unique_positive_gas_inventories ... ok
test gibbs::tests::redundant_components_preserve_binary_gas_inventory_and_pool_order ... ok
test gibbs::tests::redundant_components_reject_incompatible_budgets_at_every_scale ... ok
test gibbs::tests::salt_condensed_phase_selection_uses_nasa_solid_and_liquid_records ... ok
test gibbs::tests::single_gas_certificate_declines_incomplete_or_invalid_domains ... ok
test gibbs::tests::six_species_affine_certificate_preserves_all_gases_and_mixture_activity ... ok
test gibbs::tests::the_adiabatic_solve_conserves_too ... ok
test gibbs::tests::the_room_a_vessel_stands_in_may_be_warmed_and_may_never_pay ... ok
test nasa9::tests::co2_matches_the_reference_values ... ok
test nasa9::tests::condensed_phases_are_marked ... ok
test nasa9::tests::heat_capacity_rises_with_temperature ... ok
test nasa9::tests::parses_the_database ... ok
test nasa9::tests::the_reactant_walk_never_lands_on_a_data_line ... ok
test nasa9::tests::two_letter_elements_are_normalised ... ok
test scoped_ideal_gas::tests::all_six_locators_resolve_to_canonical_gas_records ... ok
test scoped_ideal_gas::tests::out_of_scope_species_are_refused ... ok
test scoped_ideal_gas::tests::representative_values_are_read_from_the_canonical_table ... ok
test scoped_ideal_gas::tests::revised_runtime_range_is_not_misrepresented_as_the_2002_pdf ... ok
test scoped_ideal_gas::tests::runtime_records_retain_report_level_references ... ok
test thermal::feed_thermochemistry_contracts::feed_phase_outside_every_condensed_record_never_clamps_polynomials ... ok
test thermal::feed_thermochemistry_contracts::gas_reference_anchor_uses_header_hf_without_extrapolating_the_cp_fit ... ok
test thermal::feed_thermochemistry_contracts::heated_feed_cannot_preheat_unowned_room_air_for_free ... ok
test thermal::feed_thermochemistry_contracts::magnesium_above_its_solid_range_uses_liquid_not_vapour_enthalpy ... ok

test result: ok. 52 passed; 0 failed; 0 ignored; 0 measured; 0 filtered out; finished in 0.28s

[1m[92m     Running[0m unittests src/bin/generate-cea-subset.rs (target/debug/deps/generate_cea_subset-2999032715f87a2e)

running 0 tests

test result: ok. 0 passed; 0 failed; 0 ignored; 0 measured; 0 filtered out; finished in 0.00s

[1m[92m     Running[0m tests/ambient_after_flame.rs (target/debug/deps/ambient_after_flame-49bcfc0d966fec96)

running 1 test
test the_beaker_the_flame_left_behind_is_cool_an_hour_later ... ok

test result: ok. 1 passed; 0 failed; 0 ignored; 0 measured; 0 filtered out; finished in 0.13s

[1m[92m     Running[0m tests/autoignition.rs (target/debug/deps/autoignition-7124d620bca583bd)

running 5 tests
test a_spark_is_above_every_autoignition_temperature ... ok
test above_autoignition_a_sealed_gas_mixture_uses_closed_uv_without_venting ... ok
test an_open_flask_of_warm_ethanol_is_below_autoignition_on_the_rooms_air ... ok
test hydrogen_is_gated_too_and_without_oxygen_nothing_is_said ... ok
test warm_methane_and_oxygen_do_not_burn_without_a_spark ... ok

test result: ok. 5 passed; 0 failed; 0 ignored; 0 measured; 0 filtered out; finished in 0.30s

[1m[92m     Running[0m tests/bench_thermal.rs (target/debug/deps/bench_thermal-906b94124cebd902)

running 13 tests
test a_flame_really_burns_liquid_ethanol ... ok
test a_flame_really_burns_liquid_methanol ... ok
test a_solution_is_left_to_the_aqueous_engine ... ok
test a_spark_held_to_something_that_will_not_burn_leaves_no_trace ... ok
test aqueous_rubbing_alcohol_keeps_an_explicit_combustion_boundary ... ok
test burning_magnesium_makes_white_oxide_and_a_great_deal_of_heat ... ok
test chalk_in_a_cold_crucible_just_sits_there ... ok
test heating_a_sealed_inert_gas_never_routes_it_to_open_exhaust ... ok
test heating_chalk_hard_enough_calcines_it ... ok
test igniting_magnesium_gains_mass_from_the_air ... ok
test species_map_into_the_nasa_data_by_formula ... ok
test steel_wool_ignites_to_named_iron_oxide_in_open_air ... ok
test the_thermal_answer_carries_its_provenance ... ok

test result: ok. 13 passed; 0 failed; 0 ignored; 0 measured; 0 filtered out; finished in 0.23s

[1m[92m     Running[0m tests/closed_gas.rs (target/debug/deps/closed_gas-2a1de306b7da880b)

running 6 tests
test failed_closed_solver_is_atomic ... ok
test finite_heat_pass_adds_actual_q_to_prepass_u_or_h ... ok
test piston_combustion_closes_enthalpy_and_has_explicit_expansion_work ... ok
test pure_nitrogen_matches_analytic_temperature_pressure_and_energy ... ok
test rigid_combustion_closes_internal_energy_pressure_and_every_element ... ok
test unsupported_condensed_feed_and_failed_energy_roots_never_invent_heat ... ok

test result: ok. 6 passed; 0 failed; 0 ignored; 0 measured; 0 filtered out; finished in 0.65s

[1m[92m     Running[0m tests/did_not_ignite.rs (target/debug/deps/did_not_ignite-a782612cb213ec9c)

running 1 test
test propane_in_a_quenching_bath_is_short_of_its_autoignition_temperature ... ok

test result: ok. 1 passed; 0 failed; 0 ignored; 0 measured; 0 filtered out; finished in 0.10s

[1m[92m     Running[0m tests/equilibrium.rs (target/debug/deps/equilibrium-80cd00a35f5cc49d)

running 6 tests
test chalk_decomposes_when_hot_enough ... ok
test dissociation_appears_at_flame_temperatures ... ok
test elements_are_conserved_exactly ... ok
test methane_burns_to_carbon_dioxide_and_water ... ok
test methane_in_air_has_a_textbook_flame_temperature ... ok
test the_decomposition_temperature_is_computed_not_assumed ... ok

test result: ok. 6 passed; 0 failed; 0 ignored; 0 measured; 0 filtered out; finished in 0.11s

[1m[92m     Running[0m tests/finite_boundaries.rs (target/debug/deps/finite_boundaries-593a96eeea1ae3f9)

running 3 tests
test finite_headspace_does_not_import_oxygen_or_vent_matter ... ok
test finite_pressure_controller_preserves_inventory_and_volume_when_route_declines ... ok
test nitrogen_sweep_never_borrows_room_oxygen_to_burn_fuel ... ok

test result: ok. 3 passed; 0 failed; 0 ignored; 0 measured; 0 filtered out; finished in 0.10s

[1m[92m     Running[0m tests/gas_mechanism_endpoint.rs (target/debug/deps/gas_mechanism_endpoint-183409735c826e5d)

running 7 tests
test a_global_step_cannot_make_the_carbon_monoxide_cea_finds ... ok
test a_global_step_ends_where_cea_ends_under_lean_conditions ... ok
test cea_carries_every_species_the_packs_name ... ok
test equilibrium_at_the_claimed_conditions_is_complete_combustion ... ok
test every_global_step_releases_about_the_same_heat_per_mole_of_oxygen ... ok
test every_species_a_pack_can_move_is_one_cea_can_price ... ok
test the_kinetic_route_approaches_equilibrium_without_overshooting_it ... ok

test result: ok. 7 passed; 0 failed; 0 ignored; 0 measured; 0 filtered out; finished in 0.79s

[1m[92m     Running[0m tests/heat_budget.rs (target/debug/deps/heat_budget-1bfaf4dd16670f70)

running 8 tests
test calcination_can_use_the_room_formation_anchor_plus_supplied_heat ... ok
test carbonate_crucible_preserves_initial_oxide_excess_carbon_and_mixed_stock ... ok
test carbonate_heat_outside_represented_species_domain_is_refused_atomically ... ok
test heated_magnesium_uses_delivered_energy_not_the_cp_only_temperature_guess ... ok
test hot_carbon_dioxide_without_positive_calcium_stock_uses_the_generic_route ... ok
test invalid_heat_budgets_are_atomic_in_the_direct_solver_api ... ok
test small_carbonate_heat_budget_uses_the_valid_300_to_400_k_interval ... ok
test sub_kelvin_heat_correction_commits_verified_energy_without_chemical_change ... ok

test result: ok. 8 passed; 0 failed; 0 ignored; 0 measured; 0 filtered out; finished in 0.14s

[1m[92m     Running[0m tests/heat_capacity_curves_are_the_vendored_file.rs (target/debug/deps/heat_capacity_curves_are_the_vendored_file-f3eb6c1280351dae)

running 3 tests
test every_registry_interval_names_a_record_in_the_vendored_file ... ok
test every_transcribed_coefficient_is_the_one_in_the_file ... ok
test the_two_evaluators_agree_where_they_can_both_answer ... ok

test result: ok. 3 passed; 0 failed; 0 ignored; 0 measured; 0 filtered out; finished in 0.08s

[1m[92m     Running[0m tests/heat_source_ceiling.rs (target/debug/deps/heat_source_ceiling-f6254ed4d4746462)

running 6 tests
test a_candle_is_a_lower_ceiling_than_a_burner ... ok
test a_crucible_stopped_half_way_can_be_heated_again ... ok
test a_hundred_millilitres_of_water_and_fifty_kilojoules_boils_rather_than_glows ... ok
test cooling_still_bounds_on_the_vessels_own_heat_and_names_no_source ... ok
test five_kilojoules_is_delivered_whole_because_the_chalk_stays_cold ... ok
test ten_grams_of_chalk_and_forty_kilojoules_stop_at_the_flame ... ok

test result: ok. 6 passed; 0 failed; 0 ignored; 0 measured; 0 filtered out; finished in 0.13s

[1m[92m     Running[0m tests/latent_heats_are_the_vendored_file.rs (target/debug/deps/latent_heats_are_the_vendored_file-7e696228b49fce18)

running 4 tests
test cea_overstates_a_boil_and_that_is_why_no_vaporisation_row_cites_it ... ok
test cea_still_agrees_with_the_metals_and_salts_to_within_its_fit_residuals ... ok
test no_fusion_row_claims_to_be_derived_from_the_cea_polynomials ... ok
test the_solvents_own_constants_come_from_the_vendored_file_too ... ok

test result: ok. 4 passed; 0 failed; 0 ignored; 0 measured; 0 filtered out; finished in 0.08s

[1m[92m     Running[0m tests/open_boundary_ledger.rs (target/debug/deps/open_boundary_ledger-e667e56af352181d)

running 3 tests
test open_fuels_and_calcination_close_stock_plus_net_reservoir_flows ... ok
test original_air_inventory_returned_to_the_room_is_an_outlet ... ok
test production_stack_prices_boundary_flows_on_one_step_only ... ok

test result: ok. 3 passed; 0 failed; 0 ignored; 0 measured; 0 filtered out; finished in 0.16s

[1m[92m     Running[0m tests/vented_products.rs (target/debug/deps/vented_products-349d6138fcdf2c47)

running 5 tests
test a_vessel_that_kept_its_product_keeps_the_plain_wording ... ok
test an_emptied_beaker_says_the_temperature_is_the_flames ... ok
test the_exhaust_is_what_the_equation_says_it_is ... ok
test the_exhaust_temperature_hardly_matters ... ok
test the_flame_keeps_its_temperature_and_its_energy ... ok

test result: ok. 5 passed; 0 failed; 0 ignored; 0 measured; 0 filtered out; finished in 0.19s

