  v1: +5.534277 mol water (H2O, M = 18.015 g/mol)
  v1: routing → Kerotakis analytic equilibrium evaluator · vendored USGS phreeqc.dat · ideal-dilute water autoionisation (PHREEQC six-coefficient log K relation) — no represented acid, base, salt, surface, exchanger, gas transfer, or reactive aqueous solute; evaluated the solvent relation without invoking IPhreeqc, while preserving all spectator inventory
  v1: boundary=open → sealed; V_gas=0.010000 L, trapped dry-air approximation=0.00040874 mol
  v1: finite-volume gas/liquid equilibrium; P=101287.163 Pa, n_gas=0.00040859 mol
  v1: routing → PHREEQC (IPhreeqc, USGS) · wateq4f.dat plus USBM IC 9429 reference-temperature complexes, with the reviewed Sander HBr gas-uptake slice · WATEQ Debye-Hückel extension (reliable to about I = 1 mol/kgw) — the default inorganic aqueous dataset
  v1: pH 6.192 · I = 0.0000 mol/kgw
  v1: T 298.150 K → 298.150 K (ΔT = -0.000 K)
  v1: +0.001000 mol baking soda (sodium bicarbonate) (NaHCO3, M = 84.007 g/mol)
  v1: 0.000001 mol carbon dioxide transferred to the finite headspace (closed system; mass retained)
  v1: 0.001000 mol baking soda (sodium bicarbonate) dissolved
  v1: finite-volume gas/liquid equilibrium; P=101605.080 Pa, n_gas=0.00040993 mol
  v1: pH 8.246 · I = 0.0101 mol/kgw
  v1: T 298.150 K → 298.110 K (ΔT = -0.040 K)
  HAZARD [Caution] (L0): strong acid and carbonate fizz vigorously, releasing carbon dioxide — the mixture can spatter; Adding acid to chalk or baking soda foams over if the vessel is too small. CO₂ displaces air in enclosed spaces.
  v1: T 298.110 K → 298.110 K (ΔT = +0.000 K)
  v1: +0.002000 mol hydrochloric acid (HCl, M = 36.461 g/mol)
  v1: 0.000107 mol carbon dioxide transferred to the finite headspace (closed system; mass retained)
  v1: finite-volume gas/liquid equilibrium; P=128016.409 Pa, n_gas=0.00051645 mol
  v1: pH 2.050 · I = 0.0201 mol/kgw
  v1: T 298.110 K → 298.127 K (ΔT = +0.017 K)
  v2: new vessel
  v2: +5.534277 mol water (H2O, M = 18.015 g/mol)
  v2: routing → Kerotakis analytic equilibrium evaluator · vendored USGS phreeqc.dat · ideal-dilute water autoionisation (PHREEQC six-coefficient log K relation) — no represented acid, base, salt, surface, exchanger, gas transfer, or reactive aqueous solute; evaluated the solvent relation without invoking IPhreeqc, while preserving all spectator inventory
  v2: boundary=open → sealed; V_gas=0.100000 L, trapped dry-air approximation=0.00408740 mol
  v2: finite-volume gas/liquid equilibrium; P=101304.301 Pa, n_gas=0.00408657 mol
  v2: routing → PHREEQC (IPhreeqc, USGS) · wateq4f.dat plus USBM IC 9429 reference-temperature complexes, with the reviewed Sander HBr gas-uptake slice · WATEQ Debye-Hückel extension (reliable to about I = 1 mol/kgw) — the default inorganic aqueous dataset
  v2: pH 5.763 · I = 0.0000 mol/kgw
  v2: T 298.150 K → 298.150 K (ΔT = -0.000 K)
  v2: +0.001000 mol baking soda (sodium bicarbonate) (NaHCO3, M = 84.007 g/mol)
  v2: 0.000009 mol carbon dioxide transferred to the finite headspace (closed system; mass retained)
  v2: 0.001000 mol baking soda (sodium bicarbonate) dissolved
  v2: finite-volume gas/liquid equilibrium; P=101516.742 Pa, n_gas=0.00409570 mol
  v2: pH 8.376 · I = 0.0101 mol/kgw
  v2: T 298.150 K → 298.109 K (ΔT = -0.041 K)
  HAZARD [Caution] (L0): strong acid and carbonate fizz vigorously, releasing carbon dioxide — the mixture can spatter; Adding acid to chalk or baking soda foams over if the vessel is too small. CO₂ displaces air in enclosed spaces.
  v2: +0.002000 mol hydrochloric acid (HCl, M = 36.461 g/mol)
  v2: 0.000538 mol carbon dioxide transferred to the finite headspace (closed system; mass retained)
  v2: finite-volume gas/liquid equilibrium; P=114853.888 Pa, n_gas=0.00463384 mol
  v2: pH 2.050 · I = 0.0201 mol/kgw
  v1 pressure gauge: 128.0164 kPa — This is a model estimate with limited calibration or simplifying assumptions.
  v2 pressure gauge: 114.8539 kPa — This is a model estimate with limited calibration or simplifying assumptions.
  v1 (beaker) — 24.98 °C, 99.9 g, 100.0 mL liquid, sealed 10.0 mL headspace at 1.280 bar, pH 2.05, I = 0.0201 m
            323 µmol  nitrogen           Gas
           85.6 µmol  oxygen             Gas
           2.00 mmol  chloride ion       Aqueous
           1000 µmol  sodium ion         Aqueous
            892 µmol  dissolved carbon dioxide Aqueous
           51.0 nmol  bicarbonate ion    Aqueous
            108 µmol  carbon dioxide     Gas
          5.5353 mol  water              Liquid
           1.00 mmol  hydrogen ion       Aqueous
      speciation (mol/kgw · activity · γ):
        H2O              5.5510e1    9.9920e-1   γ=0.018
        Cl-             2.0060e-2    1.7399e-2   γ=0.867
        H+              1.0031e-2    8.9209e-3   γ=0.889
        Na+             1.0030e-2    8.7479e-3   γ=0.872
        CO2             8.9492e-3    8.9906e-3   γ=1.005
        HCO3-           5.1140e-7    4.4774e-7   γ=0.876
        NaHCO3          2.1920e-9    2.2030e-9   γ=1.005
  v2 (beaker) — 24.96 °C, 100.0 g, 100.0 mL liquid, sealed 100.0 mL headspace at 1.149 bar, pH 2.05, I = 0.0201 m
           3.23 mmol  nitrogen           Gas
            856 µmol  oxygen             Gas
           2.00 mmol  chloride ion       Aqueous
           1000 µmol  sodium ion         Aqueous
            454 µmol  dissolved carbon dioxide Aqueous
           25.9 nmol  bicarbonate ion    Aqueous
            548 µmol  carbon dioxide     Gas
          5.5353 mol  water              Liquid
           1.00 mmol  hydrogen ion       Aqueous
      speciation (mol/kgw · activity · γ):
        H2O              5.5510e1    9.9920e-1   γ=0.018
        Cl-             2.0060e-2    1.7399e-2   γ=0.867
        H+              1.0030e-2    8.9207e-3   γ=0.889
        Na+             1.0030e-2    8.7480e-3   γ=0.872
        CO2             4.5490e-3    4.5700e-3   γ=1.005
        HCO3-           2.5991e-7    2.2756e-7   γ=0.876
        NaHCO3          1.1140e-9    1.1190e-9   γ=1.004
