  v2: new vessel
  v1: +5.5343 mol water
  v1: answered by vendored USGS phreeqc.dat — no represented acid, base, salt, surface, exchanger, gas transfer, or reactive aqueous solute; evaluated the solvent relation without invoking IPhreeqc, while preserving all spectator inventory
  v1: +1.00 mmol copper sulfate
  v1: 1.18 µmol antlerite (green copper sulfate) precipitated ↓
  v1: 1.00 mmol copper sulfate dissolved
  v1: answered by wateq4f.dat plus USBM IC 9429 reference-temperature complexes, with the reviewed Sander HBr gas-uptake slice — the default inorganic aqueous dataset. some elements here keep the oxidation state they were added in: only the couples that equilibrate on a bench timescale exchange electrons, and the slow ones — sulfate, nitrate, carbonate — are held as added
  v1: pH 4.49
  v1: reaction heat for antlerite is not priced; the temperature estimate is incomplete
  v1: 25.0 °C → 25.2 °C
  v1: net ionic: 3 Cu²⁺(aq) + SO₄²⁻(aq) + 4 H₂O(l) → antlerite(s) + 4 H⁺(aq)
  v1: +5.00 mmol copper
  v1: pH 4.49
  v1: copper does not react — copper sits above hydrogen in the activity series (E° +0.342 V against 0.000 V for 2H⁺/H₂), so dilute acid cannot take its electrons. An oxidising acid such as nitric would, by a different couple, and that is not modelled
  v2: +5.5343 mol water
  v2: answered by vendored USGS phreeqc.dat — no represented acid, base, salt, surface, exchanger, gas transfer, or reactive aqueous solute; evaluated the solvent relation without invoking IPhreeqc, while preserving all spectator inventory
  v2: +1.00 mmol copper sulfate
  v2: 1.18 µmol antlerite (green copper sulfate) precipitated ↓
  v2: 1.00 mmol copper sulfate dissolved
  v2: answered by wateq4f.dat plus USBM IC 9429 reference-temperature complexes, with the reviewed Sander HBr gas-uptake slice — the default inorganic aqueous dataset. some elements here keep the oxidation state they were added in: only the couples that equilibrate on a bench timescale exchange electrons, and the slow ones — sulfate, nitrate, carbonate — are held as added
  v2: pH 4.49
  v2: reaction heat for antlerite is not priced; the temperature estimate is incomplete
  v2: 25.0 °C → 25.2 °C
  v2: net ionic: 3 Cu²⁺(aq) + SO₄²⁻(aq) + 4 H₂O(l) → antlerite(s) + 4 H⁺(aq)
  v2: +5.00 mmol copper
  v2: pH 4.49
  v2: copper does not react — copper sits above hydrogen in the activity series (E° +0.342 V against 0.000 V for 2H⁺/H₂), so dilute acid cannot take its electrons. An oxidising acid such as nitric would, by a different couple, and that is not modelled
  v1–v2: no cell — both vessels present the same Cu | Cu+2 electrode at the same activity: a cell of two identical half-cells reads 0 V
  v1 (beaker) — 25.18 °C, 100.2 g, 100.0 mL liquid, open to atmosphere, pH 4.49, pe 4.57 (+0.271 V), I = 0.0281 m
      temperature estimate is incomplete: reaction heat for antlerite is not priced
      redox — all Cu as Cu(II); all S as S(VI)
           5.00 mmol  copper             Solid
            996 µmol  copper(II) ion     Aqueous
            999 µmol  sulfate ion        Aqueous
           1.18 µmol  antlerite (green copper sulfate) Solid
          5.5343 mol  water              Liquid
           4.72 µmol  hydrogen ion       Aqueous
  v2 (beaker) — 25.18 °C, 100.2 g, 100.0 mL liquid, open to atmosphere, pH 4.49, pe 4.57 (+0.271 V), I = 0.0281 m
      temperature estimate is incomplete: reaction heat for antlerite is not priced
      redox — all Cu as Cu(II); all S as S(VI)
           5.00 mmol  copper             Solid
            996 µmol  copper(II) ion     Aqueous
            999 µmol  sulfate ion        Aqueous
           1.18 µmol  antlerite (green copper sulfate) Solid
          5.5343 mol  water              Liquid
           4.72 µmol  hydrogen ion       Aqueous
  v1: answered by PHREEQC (IPhreeqc, USGS) using wateq4f.dat plus USBM IC 9429 reference-temperature complexes, with the reviewed Sander HBr gas-uptake slice
    model:   WATEQ Debye-Hückel extension (reliable to about I = 1 mol/kgw)
    routing: the default inorganic aqueous dataset. some elements here keep the oxidation state they were added in: only the couples that equilibrate on a bench timescale exchange electrons, and the slow ones — sulfate, nitrate, carbonate — are held as added. The potential reported is the Cu/Cu+2 electrode's, by Nernst over the computed activity (3.879e-3; E° +0.3419 V, CRC) — a metal in contact with its ion sets the potential, not the air above the beaker. The speciation itself was solved at the open-air pe.
    the dataset records its own sources, e.g.:
      · WATEQ4F, Alpers and others, 1989
      · log K from llnl.dat  Aug 23, 2005
      · Dzombak and Morel, 1990
      · usbm-ic9429-complexes-25c
      · sander-2023-hbr-reference
  the same question, asked of every dataset:
    wateq4f.dat plus USBM IC 9429 reference-temperature complexes, with the reviewed Sander HBr gas-uptake slice pH 6.964 · I = 0.0000 m · Brochantite 0.0000 mol · Cu(OH)2 0.0010 mol
      WATEQ Debye-Hückel extension (reliable to about I = 1 mol/kgw)
    minteq.v4.dat plus reviewed lactate and USBM IC 9429 reference-temperature complexes, with the reviewed Sander HBr gas-uptake slice pH 7.054 · I = 0.0000 m · Brochantite 0.0000 mol · Cu(OH)2 0.0010 mol
      WATEQ Debye-Hückel extension (reliable to about I = 1 mol/kgw)
    pitzer.dat, with the reviewed Sander HBr gas-uptake slice cannot express this problem (no Cu(2))
  note: only 21 of 683 mineral phases exist in every dataset, so the answers
  can differ in which solids they may form, not only in activity model
  v1 (beaker) — 25.18 °C, 100.2 g, 100.0 mL liquid, open to atmosphere, pH 4.49, pe 4.57 (+0.271 V), I = 0.0281 m
      temperature estimate is incomplete: reaction heat for antlerite is not priced
      redox — all Cu as Cu(II); all S as S(VI)
           5.00 mmol  copper             Solid
            996 µmol  copper(II) ion     Aqueous
            999 µmol  sulfate ion        Aqueous
           1.18 µmol  antlerite (green copper sulfate) Solid
          5.5343 mol  water              Liquid
           4.72 µmol  hydrogen ion       Aqueous
  v2 (beaker) — 25.18 °C, 100.2 g, 100.0 mL liquid, open to atmosphere, pH 4.49, pe 4.57 (+0.271 V), I = 0.0281 m
      temperature estimate is incomplete: reaction heat for antlerite is not priced
      redox — all Cu as Cu(II); all S as S(VI)
           5.00 mmol  copper             Solid
            996 µmol  copper(II) ion     Aqueous
            999 µmol  sulfate ion        Aqueous
           1.18 µmol  antlerite (green copper sulfate) Solid
          5.5343 mol  water              Liquid
           4.72 µmol  hydrogen ion       Aqueous
