  v2: new vessel
  v1: +5.5343 mol water
  v1: answered by vendored USGS phreeqc.dat — no represented acid, base, salt, surface, exchanger, gas transfer, or reactive aqueous solute; evaluated the solvent relation without invoking IPhreeqc, while preserving all spectator inventory
  v1: +2.00 mmol sulfuric acid
  v1: answered by wateq4f.dat plus USBM IC 9429 reference-temperature complexes, with the reviewed Sander HBr gas-uptake slice — the default inorganic aqueous dataset
  v1: pH 1.61
  v1: +500 µmol iron(II) sulfate
  v1: 500 µmol iron(II) sulfate dissolved
  v1: answered by wateq4f.dat plus USBM IC 9429 reference-temperature complexes, with the reviewed Sander HBr gas-uptake slice — the default inorganic aqueous dataset. some elements here keep the oxidation state they were added in: only the couples that equilibrate on a bench timescale exchange electrons, and the slow ones — sulfate, nitrate, carbonate — are held as added
  v1: pH 1.64
  v1: reaction heat for FeSO4 is not priced; the temperature estimate is incomplete
  v1: +100 µmol potassium permanganate
  v1: 100 µmol potassium permanganate dissolved
  v1: answered by wateq4f.dat plus USBM IC 9429 reference-temperature complexes, with the reviewed Sander HBr gas-uptake slice — the default inorganic aqueous dataset
  v1: pH 1.73
  v1: not yet modelled — the solution is supersaturated against Goethite (SI +2.0). These solid phases are in wateq4f.dat but have no matching solid in this lab's registry, so their precipitation is not included. Supersaturation alone does not determine whether or how fast a precipitate forms
  v1: not yet modelled — the solution is supersaturated against Hematite (SI +6.0). Matching solids exist in this lab's registry but were not offered in this aqueous equilibrium problem; phase selection, oxidation-state restrictions, or another model's ownership can exclude them. Their formation and its timescale are not predicted by these saturation indices
  v1: 25.0 °C → 25.1 °C
  v2: +5.5343 mol water
  v2: answered by vendored USGS phreeqc.dat — no represented acid, base, salt, surface, exchanger, gas transfer, or reactive aqueous solute; evaluated the solvent relation without invoking IPhreeqc, while preserving all spectator inventory
  v2: +5.00 mmol baking soda (sodium bicarbonate)
  v2: 1.15 mmol carbon dioxide ↑ (gas escapes the open vessel)
  v2: 5.00 mmol baking soda (sodium bicarbonate) dissolved
  v2: answered by wateq4f.dat plus USBM IC 9429 reference-temperature complexes, with the reviewed Sander HBr gas-uptake slice — the default inorganic aqueous dataset; the solvent's activity is NOT from this dataset — it reports PHREEQC's hard-coded 1 - 0.017*Sum(m) placeholder rather than a model — but from a second speciation of the same solution on pitzer.dat, with the reviewed Sander HBr gas-uptake slice (Pitzer specific-ion-interaction model (valid at high ionic strength)), posed with no phases, gas or interfaces and asked for a_w alone
  v2: pH 9.57
  v2: 25.0 °C → 24.7 °C
  v2: +300 µmol iron(II) sulfate
  v2: 389 µmol carbon dioxide ↑ (gas escapes the open vessel)
  v2: 274 µmol iron(II) hydroxide precipitated ↓
  v2: 300 µmol iron(II) sulfate dissolved
  v2: answered by wateq4f.dat plus USBM IC 9429 reference-temperature complexes, with the reviewed Sander HBr gas-uptake slice — the default inorganic aqueous dataset. some elements here keep the oxidation state they were added in: only the couples that equilibrate on a bench timescale exchange electrons, and the slow ones — sulfate, nitrate, carbonate — are held as added
  v2: pH 9.53
  v2: not yet modelled — the solution is supersaturated against Siderite (SI +2.9), Siderite(d)(3) (SI +2.5). These solid phases are in wateq4f.dat but have no matching solid in this lab's registry, so their precipitation is not included. Supersaturation alone does not determine whether or how fast a precipitate forms
  v2: reaction heat for Fe(OH)2 is not priced; the temperature estimate is incomplete
  v2: net ionic: Fe²⁺(aq) + 2 OH⁻(aq) → Fe(OH)₂(s)
  v2: +100 µmol potassium permanganate
  v2: 91.7 µmol carbon dioxide ↑ (gas escapes the open vessel)
  v2: 274 µmol iron(II) hydroxide dissolved
  v2: 100 µmol potassium permanganate dissolved
  v2: answered by wateq4f.dat plus USBM IC 9429 reference-temperature complexes, with the reviewed Sander HBr gas-uptake slice — the default inorganic aqueous dataset
  v2: pH 9.52
  v2: not yet modelled — the solution is supersaturated against Hausmannite (SI +19.8), Magnetite (SI +17.1), Bixbyite (SI +17.0), and 4 more. These solid phases are in wateq4f.dat but have no matching solid in this lab's registry, so their precipitation is not included. Supersaturation alone does not determine whether or how fast a precipitate forms
  v2: not yet modelled — the solution is supersaturated against Hematite (SI +22.8), Pyrolusite (SI +12.6), Maghemite (SI +12.4), and 3 more. Matching solids exist in this lab's registry but were not offered in this aqueous equilibrium problem; phase selection, oxidation-state restrictions, or another model's ownership can exclude them. Their formation and its timescale are not predicted by these saturation indices
  v1: 100% of the suspended particles settle in 30 s
  v2: 100% of the suspended particles settle in 30 s
  v1: pH 1.73
  v1: not yet modelled — the solution is supersaturated against Goethite (SI +2.0). These solid phases are in wateq4f.dat but have no matching solid in this lab's registry, so their precipitation is not included. Supersaturation alone does not determine whether or how fast a precipitate forms
  v1: not yet modelled — the solution is supersaturated against Hematite (SI +6.0). Matching solids exist in this lab's registry but were not offered in this aqueous equilibrium problem; phase selection, oxidation-state restrictions, or another model's ownership can exclude them. Their formation and its timescale are not predicted by these saturation indices
  v2: pH 9.52
  v2: not yet modelled — the solution is supersaturated against Hausmannite (SI +19.8), Magnetite (SI +17.1), Bixbyite (SI +17.0), and 4 more. These solid phases are in wateq4f.dat but have no matching solid in this lab's registry, so their precipitation is not included. Supersaturation alone does not determine whether or how fast a precipitate forms
  v2: not yet modelled — the solution is supersaturated against Hematite (SI +22.8), Pyrolusite (SI +12.6), Maghemite (SI +12.4), and 3 more. Matching solids exist in this lab's registry but were not offered in this aqueous equilibrium problem; phase selection, oxidation-state restrictions, or another model's ownership can exclude them. Their formation and its timescale are not predicted by these saturation indices
  v1: The liquid is colourless and clear. Colour is incomplete: no absorption spectrum for FeSO4+, Mn+2, Fe(SO4)2-, FeHSO4+2, MnSO4, Fe+3, FeOH+2, Fe(OH)2+, FeSO4, Fe2(OH)2+4 and FeHSO4+.
  v2: The liquid is purple and clear. Colour is incomplete: no absorption spectrum for Fe(OH)4-, Fe(OH)3, MnCO3, MnO4-2, Mn+2, MnHCO3+, Fe(OH)2+, MnSO4 and MnOH+.
  v1 pH meter: 1.73 pH — This is a model estimate with limited calibration or simplifying assumptions.
  v2 pH meter: 9.52 pH — This is a model estimate with limited calibration or simplifying assumptions.
  v1 (beaker) — 25.12 °C, 100.0 g, 100.0 mL liquid, open to atmosphere, pH 1.73, I = 0.0409 m
      temperature estimate is incomplete: reaction heat for FeSO4 is not priced
      redox — all Fe as Fe(III); all Mn as Mn(II); all S as S(VI)
            100 µmol  potassium ion      Aqueous
           95.8 nmol  iron(II) ion       Aqueous
            500 µmol  iron(III) ion      Aqueous
            100 µmol  manganese(II) ion  Aqueous
           2.50 mmol  sulfate ion        Aqueous
          5.5347 mol  water              Liquid
           3.20 mmol  hydrogen ion       Aqueous
  v2 (beaker) — 24.74 °C, 100.1 g, 100.0 mL liquid, open to atmosphere, pH 9.52, pe 10.78 (+0.637 V), I = 0.0572 m
      temperature estimate is incomplete: reaction heat for Fe(OH)2 is not priced
      redox — all Fe as Fe(III); Mn: 59% Mn(II), 38% Mn(VII), 3% Mn(VI); all S as S(VI)
            100 µmol  potassium ion      Aqueous
           5.00 mmol  sodium ion         Aqueous
           1.47 µmol  dissolved carbon dioxide Aqueous
           2.64 mmol  bicarbonate ion    Aqueous
            730 µmol  carbonate ion      Aqueous
            300 µmol  iron(III) ion      Aqueous
           59.4 µmol  manganese(II) ion  Aqueous
           2.82 µmol  manganate ion      Aqueous
           37.7 µmol  permanganate ion   Aqueous
            300 µmol  sulfate ion        Aqueous
          5.5348 mol  water              Liquid
           1.38 mmol  base equivalents   Aqueous
  v1: answered by PHREEQC (IPhreeqc, USGS) using wateq4f.dat plus USBM IC 9429 reference-temperature complexes, with the reviewed Sander HBr gas-uptake slice
    model:   WATEQ Debye-Hückel extension (reliable to about I = 1 mol/kgw)
    routing: the default inorganic aqueous dataset
    the dataset records its own sources, e.g.:
      · WATEQ4F, Alpers and others, 1989
      · log K from llnl.dat  Aug 23, 2005
      · Dzombak and Morel, 1990
      · usbm-ic9429-complexes-25c
      · sander-2023-hbr-reference
  the same question, asked of every dataset:
    wateq4f.dat plus USBM IC 9429 reference-temperature complexes, with the reviewed Sander HBr gas-uptake slice pH 9.175 · I = 0.0040 m
      WATEQ Debye-Hückel extension (reliable to about I = 1 mol/kgw)
    minteq.v4.dat plus reviewed lactate and USBM IC 9429 reference-temperature complexes, with the reviewed Sander HBr gas-uptake slice pH 11.213 · I = 0.0021 m · Ferrihydrite 0.0005 mol
      WATEQ Debye-Hückel extension (reliable to about I = 1 mol/kgw)
    pitzer.dat, with the reviewed Sander HBr gas-uptake slice cannot express this problem (no Fe(2), Fe(3), Mn(2))
  note: only 21 of 683 mineral phases exist in every dataset, so the answers
  can differ in which solids they may form, not only in activity model
  v2: answered by PHREEQC (IPhreeqc, USGS) using wateq4f.dat plus USBM IC 9429 reference-temperature complexes, with the reviewed Sander HBr gas-uptake slice
    model:   WATEQ Debye-Hückel extension (reliable to about I = 1 mol/kgw)
    routing: the default inorganic aqueous dataset
    the dataset records its own sources, e.g.:
      · WATEQ4F, Alpers and others, 1989
      · log K from llnl.dat  Aug 23, 2005
      · Dzombak and Morel, 1990
      · usbm-ic9429-complexes-25c
      · sander-2023-hbr-reference
  the same question, asked of every dataset:
    wateq4f.dat plus USBM IC 9429 reference-temperature complexes, with the reviewed Sander HBr gas-uptake slice pH 9.761 · I = 0.0576 m
      WATEQ Debye-Hückel extension (reliable to about I = 1 mol/kgw)
    minteq.v4.dat plus reviewed lactate and USBM IC 9429 reference-temperature complexes, with the reviewed Sander HBr gas-uptake slice pH 9.951 · I = 0.0600 m · Ferrihydrite 0.0003 mol
      WATEQ Debye-Hückel extension (reliable to about I = 1 mol/kgw)
    pitzer.dat, with the reviewed Sander HBr gas-uptake slice cannot express this problem (no Fe(3), Mn(2), Mn(6), Mn(7))
  note: only 21 of 683 mineral phases exist in every dataset, so the answers
  can differ in which solids they may form, not only in activity model
  v1 (beaker) — 25.12 °C, 100.0 g, 100.0 mL liquid, open to atmosphere, pH 1.73, I = 0.0409 m
      temperature estimate is incomplete: reaction heat for FeSO4 is not priced
      redox — all Fe as Fe(III); all Mn as Mn(II); all S as S(VI)
            100 µmol  potassium ion      Aqueous
           95.8 nmol  iron(II) ion       Aqueous
            500 µmol  iron(III) ion      Aqueous
            100 µmol  manganese(II) ion  Aqueous
           2.50 mmol  sulfate ion        Aqueous
          5.5347 mol  water              Liquid
           3.20 mmol  hydrogen ion       Aqueous
  v2 (beaker) — 24.74 °C, 100.1 g, 100.0 mL liquid, open to atmosphere, pH 9.52, pe 10.78 (+0.637 V), I = 0.0572 m
      temperature estimate is incomplete: reaction heat for Fe(OH)2 is not priced
      redox — all Fe as Fe(III); Mn: 59% Mn(II), 38% Mn(VII), 3% Mn(VI); all S as S(VI)
            100 µmol  potassium ion      Aqueous
           5.00 mmol  sodium ion         Aqueous
           1.47 µmol  dissolved carbon dioxide Aqueous
           2.64 mmol  bicarbonate ion    Aqueous
            730 µmol  carbonate ion      Aqueous
            300 µmol  iron(III) ion      Aqueous
           59.4 µmol  manganese(II) ion  Aqueous
           2.82 µmol  manganate ion      Aqueous
           37.7 µmol  permanganate ion   Aqueous
            300 µmol  sulfate ion        Aqueous
          5.5348 mol  water              Liquid
           1.38 mmol  base equivalents   Aqueous
