  v2: new vessel
  v1: +5.5343 mol water
  v1: answered by vendored USGS phreeqc.dat — no represented acid, base, salt, surface, exchanger, gas transfer, or reactive aqueous solute; evaluated the solvent relation without invoking IPhreeqc, while preserving all spectator inventory
  v1: +1.00 mmol sucrose
  v1: 1.00 mmol sucrose dissolved
  v2: +5.5343 mol water
  v2: answered by vendored USGS phreeqc.dat — no represented acid, base, salt, surface, exchanger, gas transfer, or reactive aqueous solute; evaluated the solvent relation without invoking IPhreeqc, while preserving all spectator inventory
  v2: +1.00 mmol sodium chloride
  v2: 1.00 mmol sodium chloride dissolved
  v2: answered by wateq4f.dat plus USBM IC 9429 reference-temperature complexes, with the reviewed Sander HBr gas-uptake slice — the default inorganic aqueous dataset
  v2: pH 7.00
  v1 conductivity meter: 0.06 µS/cm — This estimate is incomplete: contributing model data are missing.
  v2 conductivity meter: 1204.29 µS/cm — This is a model estimate with limited calibration or simplifying assumptions.
  v1 (beaker) — 25.00 °C, 100.0 g, 100.0 mL liquid, open to atmosphere, pH 7.00, I = 0.0000 m
          5.5343 mol  water              Liquid
           1.00 mmol  sucrose            Aqueous
  v2 (beaker) — 24.99 °C, 99.8 g, 100.0 mL liquid, open to atmosphere, pH 7.00, I = 0.0100 m
           1.00 mmol  chloride ion       Aqueous
           1.00 mmol  sodium ion         Aqueous
          5.5343 mol  water              Liquid
