  v1: +5.550930 mol water (H2O, M = 18.015 g/mol)
  v1: routing → Kerotakis analytic equilibrium evaluator · vendored USGS phreeqc.dat · ideal-dilute water autoionisation (PHREEQC six-coefficient log K relation) — no represented acid, base, salt, surface, exchanger, gas transfer, or reactive aqueous solute; evaluated the solvent relation without invoking IPhreeqc, while preserving all spectator inventory
  v1: +0.001000 mol sodium chloride (NaCl, M = 58.443 g/mol)
  v1: 0.001000 mol sodium chloride dissolved
  v1: routing → PHREEQC (IPhreeqc, USGS) · wateq4f.dat plus USBM IC 9429 reference-temperature complexes, with the reviewed Sander HBr gas-uptake slice · WATEQ Debye-Hückel extension (reliable to about I = 1 mol/kgw) — the default inorganic aqueous dataset
  v1: pH 6.997 · I = 0.0100 mol/kgw
  v1: 4.995837 mol H2O evaporated (vaporisation enthalpy not yet in the balance)
  v1: routing → PHREEQC (IPhreeqc, USGS) · wateq4f.dat plus USBM IC 9429 reference-temperature complexes, with the reviewed Sander HBr gas-uptake slice · WATEQ Debye-Hückel extension (reliable to about I = 1 mol/kgw) — the default inorganic aqueous dataset; the solvent's activity is NOT from this dataset — it reports PHREEQC's hard-coded 1 - 0.017*Sum(m) placeholder rather than a model — but from a second speciation of the same solution on pitzer.dat, with the reviewed Sander HBr gas-uptake slice (Pitzer specific-ion-interaction model (valid at high ionic strength)), posed with no phases, gas or interfaces and asked for a_w alone
  v1: pH 6.983 · I = 0.1000 mol/kgw
  v1 (beaker) — 24.99 °C, 10.1 g, 10.0 mL liquid, open to atmosphere, pH 6.98, I = 0.1000 m
           1.00 mmol  chloride ion       Aqueous
           1.00 mmol  sodium ion         Aqueous
          0.5551 mol  water              Liquid
      speciation (mol/kgw · activity · γ):
        H2O              5.5510e1    9.9660e-1   γ=0.018
        Cl-             1.0000e-1    7.6422e-2   γ=0.764
        Na+             1.0000e-1    7.8264e-2   γ=0.783
        O2              2.6160e-4    2.6770e-4   γ=1.023
        H+              1.2594e-7    1.0395e-7   γ=0.825
        OH-             1.2594e-7    9.5913e-8   γ=0.762
  v1 balance: 10.0584 g
