  v2: new vessel
  v3: new vessel
  v4: new vessel
  v5: new vessel
  v1: +5.534277 mol water (H2O, M = 18.015 g/mol)
  v1: routing → Kerotakis analytic equilibrium evaluator · vendored USGS phreeqc.dat · ideal-dilute water autoionisation (PHREEQC six-coefficient log K relation) — no represented acid, base, salt, surface, exchanger, gas transfer, or reactive aqueous solute; evaluated the solvent relation without invoking IPhreeqc, while preserving all spectator inventory
  v1: +0.010000 mol sodium chloride (NaCl, M = 58.443 g/mol)
  v1: 0.010000 mol sodium chloride dissolved
  v1: routing → PHREEQC (IPhreeqc, USGS) · wateq4f.dat plus USBM IC 9429 reference-temperature complexes, with the reviewed Sander HBr gas-uptake slice · WATEQ Debye-Hückel extension (reliable to about I = 1 mol/kgw) — the default inorganic aqueous dataset; the solvent's activity is NOT from this dataset — it reports PHREEQC's hard-coded 1 - 0.017*Sum(m) placeholder rather than a model — but from a second speciation of the same solution on pitzer.dat, with the reviewed Sander HBr gas-uptake slice (Pitzer specific-ion-interaction model (valid at high ionic strength)), posed with no phases, gas or interfaces and asked for a_w alone
  v1: pH 6.985 · I = 0.1003 mol/kgw
  v1: T 298.150 K → 298.057 K (ΔT = -0.093 K)
  v1: T 298.057 K → 298.073 K (ΔT = +0.017 K)
  v1: +0.459932 mol hexane (C6H14, M = 86.178 g/mol)
  v1: liquid–liquid split (UNIFAC LLE, common-tangent construction). The split and the layer order are robust; the trace mutual solubilities are upper bounds — VLE-fitted UNIFAC parameters underestimate alkane–water γ∞ — and are deliberately not reported
  v1: pH 6.984 · I = 0.1003 mol/kgw
  v3: +5.534277 mol water (H2O, M = 18.015 g/mol)
  v3: routing → Kerotakis analytic equilibrium evaluator · vendored USGS phreeqc.dat · ideal-dilute water autoionisation (PHREEQC six-coefficient log K relation) — no represented acid, base, salt, surface, exchanger, gas transfer, or reactive aqueous solute; evaluated the solvent relation without invoking IPhreeqc, while preserving all spectator inventory
  v3: +0.010000 mol sodium chloride (NaCl, M = 58.443 g/mol)
  v3: 0.010000 mol sodium chloride dissolved
  v3: routing → PHREEQC (IPhreeqc, USGS) · wateq4f.dat plus USBM IC 9429 reference-temperature complexes, with the reviewed Sander HBr gas-uptake slice · WATEQ Debye-Hückel extension (reliable to about I = 1 mol/kgw) — the default inorganic aqueous dataset; the solvent's activity is NOT from this dataset — it reports PHREEQC's hard-coded 1 - 0.017*Sum(m) placeholder rather than a model — but from a second speciation of the same solution on pitzer.dat, with the reviewed Sander HBr gas-uptake slice (Pitzer specific-ion-interaction model (valid at high ionic strength)), posed with no phases, gas or interfaces and asked for a_w alone
  v3: pH 6.985 · I = 0.1003 mol/kgw
  v3: T 298.150 K → 298.057 K (ΔT = -0.093 K)
  v3: T 298.057 K → 298.073 K (ΔT = +0.017 K)
  v3: +0.459932 mol hexane (C6H14, M = 86.178 g/mol)
  v3: liquid–liquid split (UNIFAC LLE, common-tangent construction). The split and the layer order are robust; the trace mutual solubilities are upper bounds — VLE-fitted UNIFAC parameters underestimate alkane–water γ∞ — and are deliberately not reported
  v3: pH 6.984 · I = 0.1003 mol/kgw
  v1: liquid–liquid split (UNIFAC LLE, common-tangent construction). The split and the layer order are robust; the trace mutual solubilities are upper bounds — VLE-fitted UNIFAC parameters underestimate alkane–water γ∞ — and are deliberately not reported
  v1: pH 6.984 · I = 0.1003 mol/kgw
  v3: liquid–liquid split (UNIFAC LLE, common-tangent construction). The split and the layer order are robust; the trace mutual solubilities are upper bounds — VLE-fitted UNIFAC parameters underestimate alkane–water γ∞ — and are deliberately not reported
  v3: pH 6.984 · I = 0.1003 mol/kgw
  v1 (beaker) — 24.93 °C, 139.9 g, 160.0 mL liquid, open to atmosphere, pH 6.98, I = 0.1003 m
          0.4599 mol  hexane             Liquid
          0.0100 mol  chloride ion       Aqueous
          0.0100 mol  sodium ion         Aqueous
          5.5343 mol  water              Liquid
      speciation (mol/kgw · activity · γ):
        H2O              5.5510e1    9.9660e-1   γ=0.018
        Cl-             1.0030e-1    7.6632e-2   γ=0.764
        Na+             1.0030e-1    7.8484e-2   γ=0.782
        O2              2.6190e-4    2.6800e-4   γ=1.023
        H+              1.2565e-7    1.0369e-7   γ=0.825
        OH-             1.2565e-7    9.5668e-8   γ=0.761
  v2 (beaker) — 25.00 °C, 0.0 g, 0.0 mL liquid, open to atmosphere
      (empty)
  v3 (beaker) — 24.93 °C, 139.9 g, 160.0 mL liquid, open to atmosphere, pH 6.98, I = 0.1003 m
          0.4599 mol  hexane             Liquid
          0.0100 mol  chloride ion       Aqueous
          0.0100 mol  sodium ion         Aqueous
          5.5343 mol  water              Liquid
      speciation (mol/kgw · activity · γ):
        H2O              5.5510e1    9.9660e-1   γ=0.018
        Cl-             1.0030e-1    7.6632e-2   γ=0.764
        Na+             1.0030e-1    7.8484e-2   γ=0.782
        O2              2.6190e-4    2.6800e-4   γ=1.023
        H+              1.2565e-7    1.0369e-7   γ=0.825
        OH-             1.2565e-7    9.5668e-8   γ=0.761
  v4 (beaker) — 25.00 °C, 0.0 g, 0.0 mL liquid, open to atmosphere
      (empty)
  v5 (beaker) — 25.00 °C, 0.0 g, 0.0 mL liquid, open to atmosphere
      (empty)
  v2: T 298.150 K → 298.075 K (ΔT = -0.075 K)
  v1 → v2: lower layer (water, 5.534277 mol solvent) plus its aqueous solutes; solids left behind — a stopcock passes liquid, and a settled solid is a filtration question
  v2: routing → PHREEQC (IPhreeqc, USGS) · wateq4f.dat plus USBM IC 9429 reference-temperature complexes, with the reviewed Sander HBr gas-uptake slice · WATEQ Debye-Hückel extension (reliable to about I = 1 mol/kgw) — the default inorganic aqueous dataset; the solvent's activity is NOT from this dataset — it reports PHREEQC's hard-coded 1 - 0.017*Sum(m) placeholder rather than a model — but from a second speciation of the same solution on pitzer.dat, with the reviewed Sander HBr gas-uptake slice (Pitzer specific-ion-interaction model (valid at high ionic strength)), posed with no phases, gas or interfaces and asked for a_w alone
  v2: pH 6.984 · I = 0.1003 mol/kgw
  v4: T 298.150 K → 298.075 K (ΔT = -0.075 K)
  v3 → v4: 100% of the liquid
  v4: liquid–liquid split (UNIFAC LLE, common-tangent construction). The split and the layer order are robust; the trace mutual solubilities are upper bounds — VLE-fitted UNIFAC parameters underestimate alkane–water γ∞ — and are deliberately not reported
  v4: routing → PHREEQC (IPhreeqc, USGS) · wateq4f.dat plus USBM IC 9429 reference-temperature complexes, with the reviewed Sander HBr gas-uptake slice · WATEQ Debye-Hückel extension (reliable to about I = 1 mol/kgw) — the default inorganic aqueous dataset; the solvent's activity is NOT from this dataset — it reports PHREEQC's hard-coded 1 - 0.017*Sum(m) placeholder rather than a model — but from a second speciation of the same solution on pitzer.dat, with the reviewed Sander HBr gas-uptake slice (Pitzer specific-ion-interaction model (valid at high ionic strength)), posed with no phases, gas or interfaces and asked for a_w alone
  v4: pH 6.984 · I = 0.1003 mol/kgw
  v1: The liquid is colourless and clear. (liquid #FFFFFF, turbidity 0.00)
  v2: The liquid is colourless and clear. (liquid #FFFFFF, turbidity 0.00)
  v3: The beaker is empty. (liquid —, turbidity 0.00)
  v4: The liquid is colourless and clear. (liquid #FFFFFF, turbidity 0.00)
  v1 density meter: 0.6606 g/mL — This is a model estimate with limited calibration or simplifying assumptions.
  v2 density meter: 0.9970 g/mL — This estimate is incomplete: contributing model data are missing.
  v2: NOT MODELLED: the dissolved ions' share of this density: every ion in the registry carries water's density as a structural default rather than a measured one, so a salt solution reads as the water it was made from. The solvent's figure is right and the solutes' is missing
  v3: NOT MODELLED: a density — the vessel is empty, and there is nothing to float the hydrometer in and nothing to weigh
  v4 density meter: 0.8713 g/mL — This estimate is incomplete: contributing model data are missing.
  v4: NOT MODELLED: the dissolved ions' share of this density: every ion in the registry carries water's density as a structural default rather than a measured one, so a salt solution reads as the water it was made from. The solvent's figure is right and the solutes' is missing
  v1 (beaker) — 24.93 °C, 39.6 g, 60.0 mL liquid, open to atmosphere
          0.4599 mol  hexane             Liquid
  v2 (beaker) — 24.93 °C, 100.3 g, 100.0 mL liquid, open to atmosphere, pH 6.98, I = 0.1003 m
          0.0100 mol  chloride ion       Aqueous
          0.0100 mol  sodium ion         Aqueous
          5.5343 mol  water              Liquid
      speciation (mol/kgw · activity · γ):
        H2O              5.5510e1    9.9660e-1   γ=0.018
        Cl-             1.0030e-1    7.6632e-2   γ=0.764
        Na+             1.0030e-1    7.8484e-2   γ=0.782
        O2              2.6190e-4    2.6800e-4   γ=1.023
        OH-             1.2565e-7    9.5668e-8   γ=0.761
        H+              1.2565e-7    1.0369e-7   γ=0.825
  v3 (beaker) — 24.93 °C, 0.0 g, 0.0 mL liquid, open to atmosphere
      (empty)
  v4 (beaker) — 24.93 °C, 139.9 g, 160.0 mL liquid, open to atmosphere, pH 6.98, I = 0.1003 m
          0.4599 mol  hexane             Liquid
          0.0100 mol  chloride ion       Aqueous
          0.0100 mol  sodium ion         Aqueous
          5.5343 mol  water              Liquid
      speciation (mol/kgw · activity · γ):
        H2O              5.5510e1    9.9660e-1   γ=0.018
        Cl-             1.0030e-1    7.6632e-2   γ=0.764
        Na+             1.0030e-1    7.8484e-2   γ=0.782
        O2              2.6190e-4    2.6800e-4   γ=1.023
        H+              1.2565e-7    1.0369e-7   γ=0.825
        OH-             1.2565e-7    9.5668e-8   γ=0.761
  v5 (beaker) — 25.00 °C, 0.0 g, 0.0 mL liquid, open to atmosphere
      (empty)
