  v2: new vessel
  v1: boundary=open → sealed; V_gas=1.000000 L, added boundary gas=0.04087404 mol (dry-air approximation)
  v1: T 298.150 K → 294.283 K (ΔT = -3.867 K)
  v1: +0.100000 mol nitrogen (N2, M = 28.014 g/mol)
  v1 pressure gauge: 344.6907 kPa
  v1 thermometer: 21.1325 °C
  v1 (beaker) — 21.13 °C, 4.0 g, 0.0 mL liquid, sealed 1000.0 mL headspace at 3.447 bar
          0.1323 mol  nitrogen           Gas
           8.56 mmol  oxygen             Gas
           16.3 µmol  carbon dioxide     Gas
  v2 (beaker) — 25.00 °C, 0.0 g, 0.0 mL liquid, open to atmosphere
      (empty)
  v1: sealed boundary opened to the atmospheric reservoir
  v1: 0.132295 mol nitrogen evolved (open system; mass leaves)
  v1: 0.008563 mol oxygen evolved (open system; mass leaves)
  v1: 0.000016 mol carbon dioxide evolved (open system; mass leaves)
  v1: T 294.283 K → 294.362 K (ΔT = +0.080 K)
  v1 pressure gauge: 101.3250 kPa
  v1 (beaker) — 21.21 °C, 0.0 g, 0.0 mL liquid, open to atmosphere
      (empty)
  v2 (beaker) — 25.00 °C, 0.0 g, 0.0 mL liquid, open to atmosphere
      (empty)
  v1: boundary=open → sealed; V_gas=1.000000 L, added boundary gas=0.04139998 mol (dry-air approximation)
  v1 pressure gauge: 101.3250 kPa
  v1 thermometer: 21.2124 °C
  v1 (beaker) — 21.21 °C, 1.2 g, 0.0 mL liquid, sealed 1000.0 mL headspace at 1.013 bar
          0.0327 mol  nitrogen           Gas
           8.67 mmol  oxygen             Gas
           16.6 µmol  carbon dioxide     Gas
  v2 (beaker) — 25.00 °C, 0.0 g, 0.0 mL liquid, open to atmosphere
      (empty)
  v1 (beaker) — 21.21 °C, 1.2 g, 0.0 mL liquid, sealed 1000.0 mL headspace at 1.013 bar
          0.0327 mol  nitrogen           Gas
           8.67 mmol  oxygen             Gas
           16.6 µmol  carbon dioxide     Gas
  v2 (beaker) — 25.00 °C, 0.0 g, 0.0 mL liquid, open to atmosphere
      (empty)
