  v1: +5.534277 mol water (H2O, M = 18.015 g/mol)
  v1: routing → Kerotakis analytic equilibrium evaluator · vendored USGS phreeqc.dat · ideal-dilute water autoionisation (PHREEQC six-coefficient log K relation) — no represented acid, base, salt, surface, exchanger, gas transfer, or reactive aqueous solute; evaluated the solvent relation without invoking IPhreeqc, while preserving all spectator inventory
  v1: +0.001000 mol hydrochloric acid (HCl, M = 36.461 g/mol)
  v1: routing → PHREEQC (IPhreeqc, USGS) · wateq4f.dat plus USBM IC 9429 reference-temperature complexes, with the reviewed Sander HBr gas-uptake slice · WATEQ Debye-Hückel extension (reliable to about I = 1 mol/kgw) — the default inorganic aqueous dataset
  v1: pH 2.038 · I = 0.0100 mol/kgw
  v1 (beaker) — 25.00 °C, 99.7 g, 100.0 mL liquid, open to atmosphere, pH 2.04, I = 0.0100 m
           1.00 mmol  chloride ion       Aqueous
          5.5343 mol  water              Liquid
           1.00 mmol  hydrogen ion       Aqueous
      speciation (mol/kgw · activity · γ):
        H2O              5.5510e1    9.9970e-1   γ=0.018
        H+              1.0030e-2    9.1600e-3   γ=0.913
        Cl-             1.0030e-2    9.0292e-3   γ=0.900
        O2              2.6710e-4    2.6770e-4   γ=1.002
        OH-            1.2140e-12   1.0925e-12   γ=0.900
  v1 pH meter: 2.0381 pH — This is a model estimate with limited calibration or simplifying assumptions.
  v1: +49.808493 mol water (H2O, M = 18.015 g/mol)
  v1: pH 3.013 · I = 0.0010 mol/kgw
  v1 (beaker) — 25.00 °C, 997.0 g, 1000.0 mL liquid, open to atmosphere, pH 3.01, I = 0.0010 m
           1.00 mmol  chloride ion       Aqueous
         55.3428 mol  water              Liquid
           1.00 mmol  hydrogen ion       Aqueous
      speciation (mol/kgw · activity · γ):
        H2O              5.5510e1     1.0000e0   γ=0.018
        H+              1.0030e-3    9.6947e-4   γ=0.967
        Cl-             1.0030e-3    9.6769e-4   γ=0.965
        O2              2.6760e-4    2.6770e-4   γ=1.000
        OH-            1.0703e-11   1.0326e-11   γ=0.965
  v1 pH meter: 3.0135 pH — This is a model estimate with limited calibration or simplifying assumptions.
