  v1: +5.534277 mol water (H2O, M = 18.015 g/mol)
  v1: routing → Kerotakis analytic equilibrium evaluator · vendored USGS phreeqc.dat · ideal-dilute water autoionisation (PHREEQC six-coefficient log K relation) — no represented acid, base, salt, surface, exchanger, gas transfer, or reactive aqueous solute; evaluated the solvent relation without invoking IPhreeqc, while preserving all spectator inventory
  v1: +0.001000 mol potassium iodide (KI, M = 166.003 g/mol)
  v1: 0.001000 mol potassium iodide dissolved
  v1: NOT MODELLED: KI is an ionic solute without an aqueous component mapping in this lab. Its ion distribution, acidity, conductivity, and reactions are not included; any solution reading describes only the represented components, not the complete mixture.
  v1: +0.000100 mol iodine (I2, M = 253.809 g/mol)
  v1: 0.000100 mol iodine dissolved
  v1: NOT MODELLED: KI is an ionic solute without an aqueous component mapping in this lab. Its ion distribution, acidity, conductivity, and reactions are not included; any solution reading describes only the represented components, not the complete mixture.
  v1 (beaker) — 25.00 °C, 99.9 g, 100.0 mL liquid, open to atmosphere
          5.5343 mol  water              Liquid
           1.00 mmol  potassium iodide   Aqueous
            100 µmol  iodine             Aqueous
  v1: The liquid is brown and clear. (liquid #F8DDCF, turbidity 0.00)
  v1: +0.000100 mol sodium thiosulfate (Na2S2O3, M = 158.110 g/mol)
  v1: 0.000100 mol sodium thiosulfate dissolved
  v1: routing → PHREEQC (IPhreeqc, USGS) · minteq.v4.dat plus reviewed lactate and USBM IC 9429 reference-temperature complexes, with the reviewed Sander HBr gas-uptake slice · WATEQ Debye-Hückel extension (reliable to about I = 1 mol/kgw) — chosen because the problem needs chemistry the default dataset lacks (organic ligands, the borrowed hypochlorite couple, or free phosphoric acid)
  v1: pH 7.000 · I = 0.0030 mol/kgw
  v1: reaction heat for Na2S2O3 is not priced; the temperature estimate is incomplete
  v1: NOT MODELLED: KI is an ionic solute without an aqueous component mapping in this lab. Its ion distribution, acidity, conductivity, and reactions are not included; any solution reading describes only the represented components, not the complete mixture.
  v1 (beaker) — 25.00 °C, 99.9 g, 100.0 mL liquid, open to atmosphere, pH 7.00, I = 0.0030 m
      temperature estimate is incomplete: reaction heat for Na2S2O3 is not priced
           1.00 mmol  potassium iodide   Aqueous
            100 µmol  iodine             Aqueous
            200 µmol  sodium ion         Aqueous
            100 µmol  thiosulfate ion    Aqueous
          5.5343 mol  water              Liquid
      speciation (mol/kgw · activity · γ):
        H2O              5.5510e1    9.9990e-1   γ=0.018
        Na+             2.0060e-3    1.8892e-3   γ=0.942
        Thiosulfate-2    1.0030e-3    7.8896e-4   γ=0.787
        O2              2.5940e-4    2.5960e-4   γ=1.001
        OH-             1.0701e-7    1.0072e-7   γ=0.941
        H+              1.0615e-7    9.9966e-8   γ=0.942
  v1: The liquid is brown and clear. (liquid #F8DDCF, turbidity 0.00)
  v1: +0.000100 mol sodium thiosulfate (Na2S2O3, M = 158.110 g/mol)
  v1: 0.000100 mol sodium thiosulfate dissolved
  v1: pH 7.001 · I = 0.0060 mol/kgw
  v1: NOT MODELLED: KI is an ionic solute without an aqueous component mapping in this lab. Its ion distribution, acidity, conductivity, and reactions are not included; any solution reading describes only the represented components, not the complete mixture.
  v1 (beaker) — 25.00 °C, 99.9 g, 100.0 mL liquid, open to atmosphere, pH 7.00, I = 0.0060 m
      temperature estimate is incomplete: reaction heat for Na2S2O3 is not priced
           1.00 mmol  potassium iodide   Aqueous
            100 µmol  iodine             Aqueous
            400 µmol  sodium ion         Aqueous
            200 µmol  thiosulfate ion    Aqueous
          5.5343 mol  water              Liquid
      speciation (mol/kgw · activity · γ):
        H2O              5.5510e1    9.9990e-1   γ=0.018
        Na+             4.0120e-3    3.6946e-3   γ=0.921
        Thiosulfate-2    2.0060e-3    1.4426e-3   γ=0.719
        O2              2.5930e-4    2.5960e-4   γ=1.001
        OH-             1.0984e-7    1.0102e-7   γ=0.920
        H+              1.0823e-7    9.9662e-8   γ=0.921
        H(Thiosulfate)-    1.6120e-9    1.4840e-9   γ=0.921
  v1: The liquid is brown and clear. (liquid #F8DDCF, turbidity 0.00)
