  v2: new vessel
  v3: new vessel
  v1: +1.000000 mol water (H2O, M = 18.015 g/mol)
  v1: routing → Kerotakis analytic equilibrium evaluator · vendored USGS phreeqc.dat · ideal-dilute water autoionisation (PHREEQC six-coefficient log K relation) — no represented acid, base, salt, surface, exchanger, gas transfer, or reactive aqueous solute; evaluated the solvent relation without invoking IPhreeqc, while preserving all spectator inventory
  v1: +0.000000 mol methanol (CH3OH, M = 32.042 g/mol)
  v1 (beaker) — 25.00 °C, 18.0 g, 18.1 mL liquid, open to atmosphere, pH 7.00, I = 0.0000 m
          1.0000 mol  water              Liquid
           0.00 pmol  methanol           Liquid
      speciation (mol/kgw · activity · γ):
        H+              1.0061e-7    1.0061e-7   γ=1.000
        OH-             1.0061e-7    1.0061e-7   γ=1.000
  v2 (beaker) — 25.00 °C, 0.0 g, 0.0 mL liquid, open to atmosphere
      (empty)
  v3 (beaker) — 25.00 °C, 0.0 g, 0.0 mL liquid, open to atmosphere
      (empty)
  v1 → v2: 0.000000 mol methanol + 0.010000 mol water; 373.15 K → 373.15 K; 1 stage(s); 0.407 kJ latent heat. Ideal-liquid Raoult/Rayleigh approximation with constant-latent Clausius-Clapeyron pressures, bounded within 40 K of every normal boiling point. USCG CHRIS June 1999 fields 9.2/9.3/9.12 for additional solvents; existing water/ethanol latent-reference data. Activity coefficients, azeotropes and dissolved-solute boiling shifts are not predicted. Dissolved solids without registered volatility are treated as nonvolatile. Stage enrichment uses a total-reflux composition cascade as a separation approximation, not a literal operating column. Reported energy counts only withdrawn condensate latent heat, excluding reflux/reboiler circulation and sensible heating. Sensible condensate mixing uses the source temperature.
  v2: routing → Kerotakis analytic equilibrium evaluator · vendored USGS phreeqc.dat · ideal-dilute water autoionisation (PHREEQC six-coefficient log K relation) — no represented acid, base, salt, surface, exchanger, gas transfer, or reactive aqueous solute; evaluated the solvent relation without invoking IPhreeqc, while preserving all spectator inventory
  v1 (beaker) — 25.00 °C, 17.8 g, 17.9 mL liquid, open to atmosphere, pH 7.00, I = 0.0000 m
          0.9900 mol  water              Liquid
           0.00 pmol  methanol           Liquid
      speciation (mol/kgw · activity · γ):
        H+              1.0061e-7    1.0061e-7   γ=1.000
        OH-             1.0061e-7    1.0061e-7   γ=1.000
  v2 (beaker) — 25.00 °C, 0.2 g, 0.2 mL liquid, open to atmosphere, pH 7.00, I = 0.0000 m
           0.00 pmol  methanol           Liquid
          10.00 mmol  water              Liquid
      speciation (mol/kgw · activity · γ):
        H+              1.0061e-7    1.0061e-7   γ=1.000
        OH-             1.0061e-7    1.0061e-7   γ=1.000
  v3 (beaker) — 25.00 °C, 0.0 g, 0.0 mL liquid, open to atmosphere
      (empty)
