[1m[92m    Updating[0m crates.io index
[1m[92m     Locking[0m 311 packages to highest compatible versions
[1m[92m      Adding[0m criterion v0.5.1 [1m[33m(available: v0.8.2)[0m
[1m[92m      Adding[0m diffsol v0.16.2 [1m[33m(available: v0.17.1)[0m
[1m[92m      Adding[0m generic-array v0.14.7 [1m[33m(available: v0.14.9)[0m
[1m[92m      Adding[0m getrandom v0.3.4 [1m[33m(available: v0.4.3)[0m
[1m[92m      Adding[0m js-sys v0.3.104 [1m[33m(available: v0.3.106)[0m
[1m[92m      Adding[0m rand v0.9.5 [1m[33m(available: v0.10.3)[0m
[1m[92m      Adding[0m rand_chacha v0.9.0 [1m[33m(available: v0.10.0)[0m
[1m[92m      Adding[0m rand_distr v0.5.1 [1m[33m(available: v0.6.0)[0m
[1m[92m      Adding[0m rapier2d v0.35.3 [1m[33m(available: v0.36.0)[0m
[1m[92m      Adding[0m sha2 v0.10.9 [1m[33m(available: v0.11.0)[0m
[1m[92m      Adding[0m talc v4.4.3 [1m[33m(available: v5.1.1)[0m
[1m[92m      Adding[0m toml v0.8.23 [1m[33m(available: v1.1.6+spec-1.1.0)[0m
[1m[92m      Adding[0m wasm-bindgen v0.2.127 [1m[33m(available: v0.2.129)[0m
[1m[92m      Adding[0m wasm-bindgen-macro v0.2.127 [1m[33m(available: v0.2.129)[0m
[1m[92m      Adding[0m wasm-bindgen-macro-support v0.2.127 [1m[33m(available: v0.2.129)[0m
[1m[92m      Adding[0m wasm-bindgen-shared v0.2.127 [1m[33m(available: v0.2.129)[0m
[1m[92m      Adding[0m web-sys v0.3.104 [1m[33m(available: v0.3.106)[0m
[1m[92m   Compiling[0m kerotakis-thermo v0.0.1 (/home/runner/work/kerotakis/kerotakis/crates/kerotakis-thermo)
[1m[92m    Finished[0m `test` profile [unoptimized + debuginfo] target(s) in 4.12s
[1m[92m     Running[0m unittests src/lib.rs (target/debug/deps/kerotakis_thermo-9944fbea83a72a1d)

running 81 tests
test batch::tests::constant_relative_volatility_obeys_independent_rayleigh_identity ... ok
test batch::tests::finite_inventory_cannot_return_overflowed_heat ... ok
test batch::tests::inactive_domains_and_large_representable_cuts_remain_supported ... ok
test batch::tests::pure_cut_uses_one_bubble_solve_and_mixtures_keep_integrating ... ok
test batch::tests::pure_limit_scale_permutation_energy_and_conservation ... ok
test batch::tests::zero_inventory_cannot_hide_invalid_component_properties ... ok
test eos::tests::compressibility_decreases_with_pressure ... ok
test eos::tests::fugacity_approaches_unity_at_low_pressure ... ok
test eos::tests::ideal_gas_limit ... ok
test eos::tests::molar_volume_positive ... ok
test excess::tests::endpoints_are_zero ... ok
test excess::tests::the_allowlist_verification_holds ... ok
test excess::tests::the_curve_is_smooth_and_vanishes_smoothly ... ok
test fluid::tests::ideal_fluid_delegates_to_vle ... ok
test fluid::tests::ideal_solution_returns_unity_gammas ... ok
test fluid::tests::unsupported_operation_is_a_named_refusal_through_trait_object ... ok
test lle::tests::highly_nonideal_mixture_splits ... ok
test lle::tests::ideal_mixture_no_split ... ok
test lle::tests::weakly_nonideal_no_split ... ok
test pack::tests::a_fluid_with_no_cleared_correlation_refuses_a_boiling_point ... ok
test pack::tests::a_permanent_gas_refuses_saturation_pressure_by_name ... ok
test pack::tests::a_pressure_outside_the_cleared_window_is_refused_in_pressure ... ok
test pack::tests::a_row_is_found_by_its_key_and_never_by_its_name ... ok
test pack::tests::boiling_rises_with_pressure_for_every_cleared_fluid ... ok
test pack::tests::every_cleared_row_names_the_model_that_speaks_for_it ... ok
test pack::tests::no_row_claims_a_residual_equation_of_state_or_a_density ... ok
test pack::tests::one_atmosphere_reproduces_the_substance_normal_boiling_point ... ok
test pack::tests::outside_the_fitted_interval_is_a_refusal_and_not_an_extrapolation ... ok
test pack::tests::rows_are_unique_and_ordered_by_inchikey ... ok
test pack::tests::the_ethanol_row_keeps_one_provenance_per_segment ... ok
test pack::tests::the_inversion_is_the_correlation_read_backwards ... ok
test pack::tests::the_lint_refuses_a_row_with_no_source ... ok
test pack::tests::the_shipped_pack_passes_its_own_lint ... ok
test phase_diagram::tests::txy_envelope_generates_curves ... ok
test unifac::tests::acetic_acid_ethanol_gamma_inf ... ok
test unifac::tests::acetic_acid_water_gamma_inf ... ok
test unifac::tests::approved_table_has_provenance ... ok
test unifac::tests::compatibility_entry_point_also_fails_closed - should panic ... ok
test unifac::tests::dilute_ethanol_higher_gamma ... ok
test unifac::tests::ethanol_water_activity_coefficients ... ok
test unifac::tests::infinite_dilution_is_continuous_through_trace_and_absent_components ... ok
test unifac::tests::methanol_propanone_gamma_inf ... ok
test unifac::tests::methanol_water_gamma_inf ... ok
test unifac::tests::missing_forward_interaction_is_a_named_refusal ... ok
test unifac::tests::propanone_water_gamma_inf ... ok
test unifac::tests::pure_component_gamma_is_unity ... ok
test unifac::tests::reverse_interaction_does_not_stand_in_for_missing_direction ... ok
test unifac::tests::self_interaction_is_defined_without_a_table_row ... ok
test unifac::tests::table_covers_six_main_groups ... ok
test vle::overlap_tests::legacy_e110_phase_failure_is_inside_the_ethanol_switch_gap ... ok
test vle::pure_still_cost::every_positive_second_component_keeps_the_integration_path ... ok
test vle::pure_still_cost::paired_cascade_refuses_lost_components_at_every_stage ... ok
test vle::pure_still_cost::paired_cascade_retains_water_when_ethanol_rounds_to_one ... ok
test vle::pure_still_cost::pure_binary_cuts_require_one_phase_answer_regardless_of_stage_count ... ok
test vle::pure_still_cost::rounded_partial_requests_never_become_complete_inventory_transfers ... ok
test vle::still_failure_tests::a_deliberately_exhausted_iteration_budget_is_not_a_phase_failure ... ok
test vle::still_failure_tests::excessive_stage_counts_refuse_before_any_phase_work ... ok
test vle::still_failure_tests::independent_rayleigh_matrix_separates_supported_cuts_from_condensate_precision ... ok
test vle::still_failure_tests::phase_and_coordinate_failures_have_distinct_owners_at_each_stage ... ok
test vle::still_failure_tests::request_residue_and_energy_boundaries_are_distinct ... ok
test vle::tests::antoine_range_endpoints_are_inclusive_and_nonfinite_is_refused ... ok
test vle::tests::bubble_below_dew_for_binary ... ok
test vle::tests::ethanol_high_fit_agrees_with_independent_published_observations ... ok
test vle::tests::ethanol_piecewise_range_is_continuous_inclusive_and_bounded ... ok
test vle::tests::flash_compositions_sum_to_one ... ok
test vle::tests::hp_flash_finds_temperature ... ok
test vle::tests::hp_flash_latent_heat_plateau ... ok
test vle::tests::malformed_piecewise_correlations_refuse_without_zero_fraction_panics ... ok
test vle::tests::pure_ethanoic_acid_bubble_point ... ok
test vle::tests::pure_isopropanol_boils_at_the_reviewed_temperature ... ok
test vle::tests::pure_methanol_bubble_point ... ok
test vle::tests::pure_propanone_bubble_point ... ok
test vle::tests::pure_water_bubble_point ... ok
test vle::tests::pure_water_dew_point ... ok
test vle::tests::solvers_refuse_non_overlapping_antoine_ranges ... ok
test vle::tests::solvers_refuse_nonfinite_inputs_and_activity_coefficients ... ok
test vle::tests::tp_flash_refuses_temperature_outside_any_component_fit ... ok
test vle::tests::tp_flash_subcooled_liquid ... ok
test vle::tests::tp_flash_superheated_vapour ... ok
test vle::tests::tp_flash_two_phase ... ok
test vle::tests::water_rich_atmospheric_distillation_uses_high_ethanol_segment ... ok

test result: ok. 81 passed; 0 failed; 0 ignored; 0 measured; 0 filtered out; finished in 6.21s

[1m[92m     Running[0m tests/distillation_completion.rs (target/debug/deps/distillation_completion-d07dde4c65445442)

running 13 tests
test a_supported_pure_water_cut_reaches_the_requested_fraction ... ok
test absolute_resolution_cannot_hide_large_relative_enrichment_of_a_trace_component ... ok
test an_intermediate_model_boundary_cannot_be_a_successful_partial_fraction_cut ... ok
test finite_stages_cannot_publish_exact_component_exhaustion_in_a_partial_cut ... ok
test invalid_stocks_energy_and_overflowing_total_are_refused ... ok
test positive_tiny_binary_fraction_is_not_a_successful_zero_cut ... ok
test positive_unrepresentable_requests_refuse_while_zero_requests_succeed ... ok
test pure_and_dilute_endpoints_are_not_azeotropes ... ok
test pure_water_fraction_cuts_preserve_requested_amount_across_inventory_scales ... ok
test reported_end_temperature_matches_the_represented_residue_for_both_cut_controls ... ok
test rounded_experimental_azeotrope_is_recognized_with_bounded_component_changes ... ok
test small_staged_cuts_preserve_components_and_scale_without_fitted_outputs ... ok
test supported_small_binary_cuts_complete_and_additional_stages_enrich_ethanol ... ok

test result: ok. 13 passed; 0 failed; 0 ignored; 0 measured; 0 filtered out; finished in 30.34s

[1m[92m     Running[0m tests/flash_gamma.rs (target/debug/deps/flash_gamma-94a380e043450ee9)

running 3 tests
test bubble_and_dew_are_inverse_questions ... ok
test flash_splits_between_bubble_and_dew ... ok
test the_azeotrope_is_a_fixed_point_of_dew ... ok

test result: ok. 3 passed; 0 failed; 0 ignored; 0 measured; 0 filtered out; finished in 0.06s

[1m[92m     Running[0m tests/ideal_still_precision.rs (target/debug/deps/ideal_still_precision-5c9fc203b8accd17)

running 6 tests
test excess_energy_exhausts_inventory_instead_of_claiming_the_supplied_heat ... ok
test mixed_full_take_has_exact_overhead_and_inventory_latent_heat ... ok
test partial_endpoint_temperature_is_the_final_residual_bubble_point ... ok
test positive_fraction_is_completed_at_the_request_scale ... ok
test underflowed_positive_requests_refuse_without_mutating_inputs ... ok
test zero_and_microscopic_energy_are_not_absolute_tolerance_successes ... ok

test result: ok. 6 passed; 0 failed; 0 ignored; 0 measured; 0 filtered out; finished in 0.12s

[1m[92m     Running[0m tests/lle_unifac.rs (target/debug/deps/lle_unifac-a2659d7c74b6efd4)

running 2 tests
test water_and_ethanol_stay_one_phase_everywhere ... ok
test water_and_hexane_demix_at_room_temperature ... ok

test result: ok. 2 passed; 0 failed; 0 ignored; 0 measured; 0 filtered out; finished in 0.15s

[1m[92m     Running[0m tests/overlap_continuity.rs (target/debug/deps/overlap_continuity-7eda05b016ad7816)

running 3 tests
test ethanol_overlap_endpoints_have_no_pressure_jump ... FAILED
test ideal_binary_bubble_root_covers_the_old_switch_gap ... FAILED
test pure_ethanol_bubble_and_dew_roots_cover_the_old_switch_gap ... FAILED

failures:

---- ethanol_overlap_endpoints_have_no_pressure_jump stdout ----

thread 'ethanol_overlap_endpoints_have_no_pressure_jump' (3033) panicked at crates/kerotakis-thermo/tests/overlap_continuity.rs:11:9:
jump at 80: 108.28008028935668 -> 108.28952578055272
note: run with `RUST_BACKTRACE=1` environment variable to display a backtrace

---- ideal_binary_bubble_root_covers_the_old_switch_gap stdout ----

thread 'ideal_binary_bubble_root_covers_the_old_switch_gap' (3034) panicked at crates/kerotakis-thermo/tests/overlap_continuity.rs:38:10:
continuous mixture pressure must contain the bubble root

---- pure_ethanol_bubble_and_dew_roots_cover_the_old_switch_gap stdout ----

thread 'pure_ethanol_bubble_and_dew_roots_cover_the_old_switch_gap' (3035) panicked at crates/kerotakis-thermo/tests/overlap_continuity.rs:23:14:
continuous fitted overlap must contain the bubble root


failures:
    ethanol_overlap_endpoints_have_no_pressure_jump
    ideal_binary_bubble_root_covers_the_old_switch_gap
    pure_ethanol_bubble_and_dew_roots_cover_the_old_switch_gap

test result: FAILED. 0 passed; 3 failed; 0 ignored; 0 measured; 0 filtered out; finished in 0.00s

[1m[91merror[0m: test failed, to rerun pass `-p kerotakis-thermo --test overlap_continuity`
[1m[92m     Running[0m tests/paired_binary_still.rs (target/debug/deps/paired_binary_still-b688bba50a8b67b1)

running 3 tests
test paired_bubble_retains_scalar_compatibility_and_refuses_true_underflow ... ok
test trace_cuts_follow_an_independent_rayleigh_limit_in_both_orientations ... 