  v1: +0.553428 mol water (H2O, M = 18.015 g/mol)
  v1: routing → Kerotakis analytic equilibrium evaluator · vendored USGS phreeqc.dat · ideal-dilute water autoionisation (PHREEQC six-coefficient log K relation) — no represented acid, base, salt, surface, exchanger, gas transfer, or reactive aqueous solute; evaluated the solvent relation without invoking IPhreeqc, while preserving all spectator inventory
  v1 (beaker) — 25.00 °C, 10.0 g, 10.0 mL liquid, open to atmosphere, pH 7.00, I = 0.0000 m
          0.5534 mol  water              Liquid
      speciation (mol/kgw · activity · γ):
        H+              1.0061e-7    1.0061e-7   γ=1.000
        OH-             1.0061e-7    1.0061e-7   γ=1.000
  v1: T 298.150 K → 274.201 K (ΔT = -23.949 K)
  v1: thermal energy requested=1000.000000 J, delivered=1000.000000 J, heating=false, time_coupled=false
  v1 (beaker) — 1.05 °C, 10.0 g, 10.0 mL liquid, open to atmosphere, pH 7.45, I = 0.0000 m
          0.5534 mol  water              Liquid
      speciation (mol/kgw · activity · γ):
        H+              3.5743e-8    3.5743e-8   γ=1.000
        OH-             3.5743e-8    3.5743e-8   γ=1.000
  v1: T 274.201 K → 298.150 K (ΔT = +23.949 K)
  v1: thermal energy requested=1000.000000 J, delivered=1000.000000 J, undelivered=0.000000 J; source=Bunsen burner, ceiling=1773.15 K; sensible=1000.000000 J, chemistry/phase=-0.000000 J; passes=1, pass_cap_reached=false, time_coupled=false
  v1 (beaker) — 25.00 °C, 10.0 g, 10.0 mL liquid, open to atmosphere, pH 7.00, I = 0.0000 m
          0.5534 mol  water              Liquid
      speciation (mol/kgw · activity · γ):
        H+              1.0061e-7    1.0061e-7   γ=1.000
        OH-             1.0061e-7    1.0061e-7   γ=1.000
  v1 thermometer: 25.0000 °C
