  v1: +5.534277 mol water (H2O, M = 18.015 g/mol)
  v1: routing → Kerotakis analytic equilibrium evaluator · vendored USGS phreeqc.dat · ideal-dilute water autoionisation (PHREEQC six-coefficient log K relation) — no represented acid, base, salt, surface, exchanger, gas transfer, or reactive aqueous solute; evaluated the solvent relation without invoking IPhreeqc, while preserving all spectator inventory
  v1: +0.001000 mol sodium hydroxide (NaOH, M = 39.997 g/mol)
  v1: 0.001000 mol sodium hydroxide dissolved
  v1: routing → PHREEQC (IPhreeqc, USGS) · wateq4f.dat plus USBM IC 9429 reference-temperature complexes, with the reviewed Sander HBr gas-uptake slice · WATEQ Debye-Hückel extension (reliable to about I = 1 mol/kgw) — the default inorganic aqueous dataset
  v1: pH 11.952 · I = 0.0100 mol/kgw
  v1: T 298.150 K → 298.257 K (ΔT = +0.107 K)
  v1 (beaker) — 25.11 °C, 99.7 g, 100.0 mL liquid, open to atmosphere, pH 11.95, I = 0.0100 m
           1.00 mmol  sodium ion         Aqueous
          5.5343 mol  water              Liquid
           1.00 mmol  base equivalents   Aqueous
      speciation (mol/kgw · activity · γ):
        H2O              5.5510e1    9.9970e-1   γ=0.018
        OH-             1.0030e-2    9.0259e-3   γ=0.900
        Na+             1.0030e-2    9.0554e-3   γ=0.903
        O2              2.6660e-4    2.6720e-4   γ=1.002
  v1 pH meter: 11.9517 pH — This is a model estimate with limited calibration or simplifying assumptions.
  v1: T 298.257 K → 298.161 K (ΔT = -0.096 K)
  v1: +49.808493 mol water (H2O, M = 18.015 g/mol)
  v1: pH 10.985 · I = 0.0010 mol/kgw
  v1 (beaker) — 25.01 °C, 997.0 g, 1000.0 mL liquid, open to atmosphere, pH 10.98, I = 0.0010 m
           1.00 mmol  sodium ion         Aqueous
         55.3428 mol  water              Liquid
           1.00 mmol  base equivalents   Aqueous
      speciation (mol/kgw · activity · γ):
        H2O              5.5510e1     1.0000e0   γ=0.018
        OH-             1.0030e-3    9.6765e-4   γ=0.965
        Na+             1.0030e-3    9.6799e-4   γ=0.965
        O2              2.6760e-4    2.6760e-4   γ=1.000
  v1 pH meter: 10.9849 pH — This is a model estimate with limited calibration or simplifying assumptions.
