  v2: new vessel
  v3: new vessel
  v1: +5.534277 mol water (H2O, M = 18.015 g/mol)
  v1: routing → Kerotakis analytic equilibrium evaluator · vendored USGS phreeqc.dat · ideal-dilute water autoionisation (PHREEQC six-coefficient log K relation) — no represented acid, base, salt, surface, exchanger, gas transfer, or reactive aqueous solute; evaluated the solvent relation without invoking IPhreeqc, while preserving all spectator inventory
  v1: +0.001000 mol hydrochloric acid (HCl, M = 36.461 g/mol)
  v1: routing → PHREEQC (IPhreeqc, USGS) · wateq4f.dat plus USBM IC 9429 reference-temperature complexes, with the reviewed Sander HBr gas-uptake slice · WATEQ Debye-Hückel extension (reliable to about I = 1 mol/kgw) — the default inorganic aqueous dataset
  v1: pH 2.038 · I = 0.0100 mol/kgw
  v2: +5.534277 mol water (H2O, M = 18.015 g/mol)
  v2: routing → Kerotakis analytic equilibrium evaluator · vendored USGS phreeqc.dat · ideal-dilute water autoionisation (PHREEQC six-coefficient log K relation) — no represented acid, base, salt, surface, exchanger, gas transfer, or reactive aqueous solute; evaluated the solvent relation without invoking IPhreeqc, while preserving all spectator inventory
  v2: +0.001000 mol hydrochloric acid (HCl, M = 36.461 g/mol)
  v2: routing → PHREEQC (IPhreeqc, USGS) · wateq4f.dat plus USBM IC 9429 reference-temperature complexes, with the reviewed Sander HBr gas-uptake slice · WATEQ Debye-Hückel extension (reliable to about I = 1 mol/kgw) — the default inorganic aqueous dataset
  v2: pH 2.038 · I = 0.0100 mol/kgw
  v3: +5.534277 mol water (H2O, M = 18.015 g/mol)
  v3: routing → Kerotakis analytic equilibrium evaluator · vendored USGS phreeqc.dat · ideal-dilute water autoionisation (PHREEQC six-coefficient log K relation) — no represented acid, base, salt, surface, exchanger, gas transfer, or reactive aqueous solute; evaluated the solvent relation without invoking IPhreeqc, while preserving all spectator inventory
  v1: +5.534277 mol water (H2O, M = 18.015 g/mol)
  v1: pH 2.330 · I = 0.0050 mol/kgw
  v3 → v2: 100% of the liquid
  v2: pH 2.330 · I = 0.0050 mol/kgw
  v1 (beaker) — 25.00 °C, 199.4 g, 200.0 mL liquid, open to atmosphere, pH 2.33, I = 0.0050 m
           1.00 mmol  chloride ion       Aqueous
         11.0686 mol  water              Liquid
           1.00 mmol  hydrogen ion       Aqueous
      speciation (mol/kgw · activity · γ):
        H2O              5.5510e1    9.9980e-1   γ=0.018
        H+              5.0150e-3    4.6818e-3   γ=0.934
        Cl-             5.0150e-3    4.6446e-3   γ=0.926
        O2              2.6740e-4    2.6770e-4   γ=1.001
  v2 (beaker) — 25.00 °C, 199.4 g, 200.0 mL liquid, open to atmosphere, pH 2.33, I = 0.0050 m
           1.00 mmol  chloride ion       Aqueous
         11.0686 mol  water              Liquid
           1.00 mmol  hydrogen ion       Aqueous
      speciation (mol/kgw · activity · γ):
        H2O              5.5510e1    9.9980e-1   γ=0.018
        H+              5.0150e-3    4.6818e-3   γ=0.934
        Cl-             5.0150e-3    4.6446e-3   γ=0.926
        O2              2.6740e-4    2.6770e-4   γ=1.001
  v3 (beaker) — 25.00 °C, 0.0 g, 0.0 mL liquid, open to atmosphere
      (empty)
  v1 pH meter: 2.3296 pH — This is a model estimate with limited calibration or simplifying assumptions.
  v2 pH meter: 2.3296 pH — This is a model estimate with limited calibration or simplifying assumptions.
