  v1: +5.534277 mol water (H2O, M = 18.015 g/mol)
  v1: routing → Kerotakis analytic equilibrium evaluator · vendored USGS phreeqc.dat · ideal-dilute water autoionisation (PHREEQC six-coefficient log K relation) — no represented acid, base, salt, surface, exchanger, gas transfer, or reactive aqueous solute; evaluated the solvent relation without invoking IPhreeqc, while preserving all spectator inventory
  v1: +0.002000 mol silver nitrate (AgNO3, M = 169.870 g/mol)
  v1: 0.002000 mol silver nitrate dissolved
  v1: routing → PHREEQC (IPhreeqc, USGS) · wateq4f.dat plus USBM IC 9429 reference-temperature complexes, with the reviewed Sander HBr gas-uptake slice · WATEQ Debye-Hückel extension (reliable to about I = 1 mol/kgw) — the default inorganic aqueous dataset
  v1: pH 6.797 · I = 0.0199 mol/kgw
  v1: T 298.150 K → 298.042 K (ΔT = -0.108 K)
  v1: T 298.042 K → 298.042 K (ΔT = +0.000 K)
  v1: +0.001000 mol sodium chloride (NaCl, M = 58.443 g/mol)
  v1: 0.001000 mol sodium chloride dissolved
  v1: 0.001000 mol silver chloride precipitated
  v1: pH 6.873 · I = 0.0200 mol/kgw
  v1: T 298.042 K → 298.190 K (ΔT = +0.148 K)
  v1: net ionic: Ag⁺(aq) + Cl⁻(aq) → AgCl(s)  (spectator ions: NO₃⁻, Na⁺)  (complete ionic: Ag⁺(aq) + Cl⁻(aq) + NO₃⁻(aq) + Na⁺(aq) → AgCl(s) + NO₃⁻(aq) + Na⁺(aq))
  v1 (beaker) — 25.04 °C, 100.1 g, 100.0 mL liquid, open to atmosphere, pH 6.87, pe 13.75 (+0.814 V), I = 0.0200 m
      redox — all N as N(V)
           1.00 mmol  silver ion         Aqueous
           35.3 nmol  chloride ion       Aqueous
           1.00 mmol  sodium ion         Aqueous
           2.00 mmol  nitrate ion        Aqueous
           1000 µmol  silver chloride    Solid
          5.5343 mol  water              Liquid
      speciation (mol/kgw · activity · γ):
        H2O              5.5510e1    9.9930e-1   γ=0.018
        NO3-            1.9984e-2    1.7274e-2   γ=0.864
        Na+             1.0030e-2    8.7497e-3   γ=0.872
        Ag+             9.9536e-3    8.6669e-3   γ=0.871
        O2              2.6630e-4    2.6750e-4   γ=1.005
        AgNO3           7.6430e-5    7.6780e-5   γ=1.005
        AgCl            3.3060e-7    3.3210e-7   γ=1.005
        H+              1.5068e-7    1.3403e-7   γ=0.890
        OH-             8.6357e-8    7.4864e-8   γ=0.867
        AgOH            6.4320e-8    6.4620e-8   γ=1.005
        Cl-             2.3735e-8    2.0590e-8   γ=0.868
  v1: The liquid is colourless and cloudy, there is white silver chloride at the bottom. (liquid #FFFFFF, turbidity 0.20)
