  v1: +5.534277 mol water (H2O, M = 18.015 g/mol)
  v1: routing → Kerotakis analytic equilibrium evaluator · vendored USGS phreeqc.dat · ideal-dilute water autoionisation (PHREEQC six-coefficient log K relation) — no represented acid, base, salt, surface, exchanger, gas transfer, or reactive aqueous solute; evaluated the solvent relation without invoking IPhreeqc, while preserving all spectator inventory
  v1: boundary=open → sealed; V_gas=0.100000 L, trapped dry-air approximation=0.00408740 mol
  v1: finite-volume gas/liquid equilibrium; P=101304.301 Pa, n_gas=0.00408657 mol
  v1: routing → PHREEQC (IPhreeqc, USGS) · wateq4f.dat plus USBM IC 9429 reference-temperature complexes, with the reviewed Sander HBr gas-uptake slice · WATEQ Debye-Hückel extension (reliable to about I = 1 mol/kgw) — the default inorganic aqueous dataset
  v1: pH 5.763 · I = 0.0000 mol/kgw
  v1: +0.001000 mol chalk (calcium carbonate) (CaCO3, M = 100.087 g/mol)
  v1: 0.000013 mol chalk (calcium carbonate) dissolved
  v1: finite-volume gas/liquid equilibrium; P=101284.582 Pa, n_gas=0.00408577 mol
  v1: pH 9.823 · I = 0.0004 mol/kgw
  v1: reaction heat for CaCO3 is not priced; the temperature estimate is incomplete
  v1 (beaker) — 25.00 °C, 99.9 g, 100.0 mL liquid, sealed 100.0 mL headspace at 1.013 bar, pH 9.82, I = 0.0004 m
      temperature estimate is incomplete: reaction heat for CaCO3 is not priced
           3.23 mmol  nitrogen           Gas
            856 µmol  oxygen             Gas
           12.3 µmol  calcium ion        Aqueous
           3.46 nmol  dissolved carbon dioxide Aqueous
           10.5 µmol  bicarbonate ion    Aqueous
           3.49 µmol  carbonate ion      Aqueous
           4.00 nmol  carbon dioxide     Gas
            988 µmol  chalk (calcium carbonate) Solid
          5.5343 mol  water              Liquid
           7.21 µmol  base equivalents   Aqueous
      speciation (mol/kgw · activity · γ):
        H2O              5.5510e1     1.0000e0   γ=0.018
        Ca+2            1.1789e-4    1.0781e-4   γ=0.914
        HCO3-           1.0074e-4    9.8513e-5   γ=0.978
        OH-             6.8105e-5    6.6582e-5   γ=0.978
        CO3-2           3.3600e-5    3.0728e-5   γ=0.915
        CaCO3           5.5490e-6    5.5500e-6   γ=1.000
        CaHCO3+         1.3850e-7    1.3550e-7   γ=0.978
        CaOH+           1.2170e-7    1.1900e-7   γ=0.978
        CO2             3.3299e-8    3.3302e-8   γ=1.000
  HAZARD [Caution] (L0): strong acid and carbonate fizz vigorously, releasing carbon dioxide — the mixture can spatter; Adding acid to chalk or baking soda foams over if the vessel is too small. CO₂ displaces air in enclosed spaces.
  v1: +0.000200 mol hydrochloric acid (HCl, M = 36.461 g/mol)
  v1: 0.000013 mol chalk (calcium carbonate) dissolved
  v1: 0.000011 mol carbon dioxide transferred to the finite headspace (closed system; mass retained)
  v1: 0.000157 mol chalk (calcium carbonate) dissolved
  v1: finite-volume gas/liquid equilibrium; P=101560.642 Pa, n_gas=0.00409691 mol
  v1: pH 7.556 · I = 0.0054 mol/kgw
  v1 (beaker) — 25.00 °C, 99.9 g, 100.0 mL liquid, sealed 100.0 mL headspace at 1.016 bar, pH 7.56, I = 0.0054 m
      temperature estimate is incomplete: reaction heat for CaCO3 is not priced
           3.23 mmol  nitrogen           Gas
            856 µmol  oxygen             Gas
            182 µmol  calcium ion        Aqueous
            200 µmol  chloride ion       Aqueous
           9.42 µmol  dissolved carbon dioxide Aqueous
            163 µmol  bicarbonate ion    Aqueous
            346 nmol  carbonate ion      Aqueous
           11.1 µmol  carbon dioxide     Gas
            818 µmol  chalk (calcium carbonate) Solid
          5.5343 mol  water              Liquid
            760 nmol  base equivalents   Aqueous
      speciation (mol/kgw · activity · γ):
        H2O              5.5510e1    9.9990e-1   γ=0.018
        Cl-             2.0060e-3    1.8527e-3   γ=0.924
        Ca+2            1.7948e-3    1.3212e-3   γ=0.736
        HCO3-           1.6034e-3    1.4854e-3   γ=0.926
        CO2             9.2676e-5    9.2792e-5   γ=1.001
        CaHCO3+         2.6990e-5    2.5030e-5   γ=0.927
        CaCO3           5.5430e-6    5.5500e-6   γ=1.001
        CO3-2           3.4041e-6    2.5073e-6   γ=0.737
        OH-             3.9018e-7    3.6029e-7   γ=0.923
        H+              2.9826e-8    2.7783e-8   γ=0.931
        CaOH+           8.5100e-9    7.8910e-9   γ=0.927
