  v1: +5.534277 mol water (H2O, M = 18.015 g/mol)
  v1: routing → Kerotakis analytic equilibrium evaluator · vendored USGS phreeqc.dat · ideal-dilute water autoionisation (PHREEQC six-coefficient log K relation) — no represented acid, base, salt, surface, exchanger, gas transfer, or reactive aqueous solute; evaluated the solvent relation without invoking IPhreeqc, while preserving all spectator inventory
  v1: +0.005000 mol sodium chloride (NaCl, M = 58.443 g/mol)
  v1: 0.005000 mol sodium chloride dissolved
  v1: routing → PHREEQC (IPhreeqc, USGS) · wateq4f.dat plus USBM IC 9429 reference-temperature complexes, with the reviewed Sander HBr gas-uptake slice · WATEQ Debye-Hückel extension (reliable to about I = 1 mol/kgw) — the default inorganic aqueous dataset; the solvent's activity is NOT from this dataset — it reports PHREEQC's hard-coded 1 - 0.017*Sum(m) placeholder rather than a model — but from a second speciation of the same solution on pitzer.dat, with the reviewed Sander HBr gas-uptake slice (Pitzer specific-ion-interaction model (valid at high ionic strength)), posed with no phases, gas or interfaces and asked for a_w alone
  v1: pH 6.990 · I = 0.0502 mol/kgw
  v1: T 298.150 K → 298.103 K (ΔT = -0.047 K)
  v1 (beaker) — 24.95 °C, 100.0 g, 100.0 mL liquid, open to atmosphere, pH 6.99, I = 0.0502 m
           5.00 mmol  chloride ion       Aqueous
           5.00 mmol  sodium ion         Aqueous
          5.5343 mol  water              Liquid
      speciation (mol/kgw · activity · γ):
        H2O              5.5510e1    9.9830e-1   γ=0.018
        Cl-             5.0150e-2    4.0757e-2   γ=0.813
        Na+             5.0150e-2    4.1285e-2   γ=0.823
        O2              2.6480e-4    2.6790e-4   γ=1.012
        H+              1.1991e-7    1.0237e-7   γ=0.854
        OH-             1.1991e-7    9.7285e-8   γ=0.811
  v1: T 298.103 K → 272.901 K (ΔT = -25.202 K)
  v1: thermal energy requested=20000.000000 J, delivered=20000.000000 J, heating=false, time_coupled=false The split between sensible heating/cooling and phase or chemical changes is not fully established.
  v1: pH 8.024 · I = 0.0502 mol/kgw
  v1: water Liquid → Solid at 272.90 K (-0.25 °C), shifted -0.249 K by dissolved particles
  v1: pH 7.464 · I = 0.0701 mol/kgw
  v1: reaction heat for water is not priced; the temperature estimate is incomplete
  v1 (beaker) — -0.25 °C, 100.0 g, 71.5 mL liquid, open to atmosphere, pH 7.46, I = 0.0701 m
      temperature estimate is incomplete: reaction heat for water is not priced
          1.5761 mol  water              Solid
           5.00 mmol  chloride ion       Aqueous
           5.00 mmol  sodium ion         Aqueous
          3.9582 mol  water              Liquid
      speciation (mol/kgw · activity · γ):
        H2O              5.5510e1    9.9760e-1   γ=0.018
        Cl-             7.0120e-2    5.5848e-2   γ=0.796
        Na+             7.0120e-2    5.6808e-2   γ=0.810
        O2              4.5430e-4    4.6170e-4   γ=1.016
        H+              4.0705e-8    3.4387e-8   γ=0.845
        OH-             4.0705e-8    3.2342e-8   γ=0.795
  v1: T 272.901 K → 298.103 K (ΔT = +25.201 K)
  v1: thermal energy requested=20000.000000 J, delivered=20000.000000 J, undelivered=0.000000 J; source=Bunsen burner, ceiling=1773.15 K; passes=1, pass_cap_reached=false, time_coupled=false The split between sensible heating/cooling and phase or chemical changes is not fully established.
  v1: pH 6.555 · I = 0.0701 mol/kgw
  v1: water Solid → Liquid at 272.90 K (-0.25 °C), shifted -0.248 K by dissolved particles
  v1: pH 6.990 · I = 0.0502 mol/kgw
  v1 (beaker) — 24.95 °C, 100.0 g, 100.0 mL liquid, open to atmosphere, pH 6.99, I = 0.0502 m
      temperature estimate is incomplete: reaction heat for water is not priced
           5.00 mmol  chloride ion       Aqueous
           5.00 mmol  sodium ion         Aqueous
          5.5343 mol  water              Liquid
      speciation (mol/kgw · activity · γ):
        H2O              5.5510e1    9.9830e-1   γ=0.018
        Cl-             5.0150e-2    4.0757e-2   γ=0.813
        Na+             5.0150e-2    4.1285e-2   γ=0.823
        O2              2.6480e-4    2.6790e-4   γ=1.012
        H+              1.1991e-7    1.0236e-7   γ=0.854
        OH-             1.1991e-7    9.7281e-8   γ=0.811
  v1 thermometer: 24.9526 °C — temperature estimate is incomplete: reaction heat for water is not priced
