  v1: +5.534277 mol water (H2O, M = 18.015 g/mol)
  v1: routing → Kerotakis analytic equilibrium evaluator · vendored USGS phreeqc.dat · ideal-dilute water autoionisation (PHREEQC six-coefficient log K relation) — no represented acid, base, salt, surface, exchanger, gas transfer, or reactive aqueous solute; evaluated the solvent relation without invoking IPhreeqc, while preserving all spectator inventory
  v1: +0.001000 mol sodium chloride (NaCl, M = 58.443 g/mol)
  v1: 0.001000 mol sodium chloride dissolved
  v1: routing → PHREEQC (IPhreeqc, USGS) · wateq4f.dat plus USBM IC 9429 reference-temperature complexes, with the reviewed Sander HBr gas-uptake slice · WATEQ Debye-Hückel extension (reliable to about I = 1 mol/kgw) — the default inorganic aqueous dataset
  v1: pH 6.997 · I = 0.0100 mol/kgw
  v1: T 298.141 K → 346.098 K (ΔT = +47.957 K)
  v1: thermal energy requested=20000.000000 J, delivered=20000.000000 J, undelivered=0.000000 J; source=Bunsen burner, ceiling=1773.15 K; sensible=19999.998001 J, chemistry/phase=0.001999 J; passes=1, pass_cap_reached=false, time_coupled=false
  v1: pH 6.372 · I = 0.0100 mol/kgw
  v2: new vessel
  v2: +5.534277 mol water (H2O, M = 18.015 g/mol)
  v2: routing → Kerotakis analytic equilibrium evaluator · vendored USGS phreeqc.dat · ideal-dilute water autoionisation (PHREEQC six-coefficient log K relation) — no represented acid, base, salt, surface, exchanger, gas transfer, or reactive aqueous solute; evaluated the solvent relation without invoking IPhreeqc, while preserving all spectator inventory
  v3: new vessel
  v1 (beaker) — 72.95 °C, 99.8 g, 100.0 mL liquid, open to atmosphere, pH 6.37, I = 0.0100 m
           1.00 mmol  chloride ion       Aqueous
           1.00 mmol  sodium ion         Aqueous
          5.5343 mol  water              Liquid
      speciation (mol/kgw · activity · γ):
        H2O              5.5510e1    9.9970e-1   γ=0.018
        Cl-             1.0030e-2    8.9357e-3   γ=0.891
        Na+             1.0030e-2    8.9635e-3   γ=0.894
        O2              1.6760e-4    1.6800e-4   γ=1.002
        OH-             4.6894e-7    4.1763e-7   γ=0.891
        H+              4.6894e-7    4.2458e-7   γ=0.905
  v3: T 298.150 K → 346.098 K (ΔT = +47.948 K)
  1-D upwind transport: 1 cell(s) × 1 step(s) @ Cf=1.0000; effluent total 5.536277 mol → v3
  v1: routing → Kerotakis analytic equilibrium evaluator · vendored USGS phreeqc.dat · ideal-dilute water autoionisation (PHREEQC six-coefficient log K relation) — no represented acid, base, salt, surface, exchanger, gas transfer, or reactive aqueous solute; evaluated the solvent relation without invoking IPhreeqc, while preserving all spectator inventory
  v3: routing → PHREEQC (IPhreeqc, USGS) · wateq4f.dat plus USBM IC 9429 reference-temperature complexes, with the reviewed Sander HBr gas-uptake slice · WATEQ Debye-Hückel extension (reliable to about I = 1 mol/kgw) — the default inorganic aqueous dataset
  v3: pH 6.372 · I = 0.0100 mol/kgw
  v1 (beaker) — 25.00 °C, 99.7 g, 100.0 mL liquid, open to atmosphere, pH 7.00, I = 0.0000 m
          5.5343 mol  water              Liquid
      speciation (mol/kgw · activity · γ):
        H+              1.0061e-7    1.0061e-7   γ=1.000
        OH-             1.0061e-7    1.0061e-7   γ=1.000
  v2 (beaker) — 25.00 °C, 99.7 g, 100.0 mL liquid, open to atmosphere, pH 7.00, I = 0.0000 m
          5.5343 mol  water              Liquid
      speciation (mol/kgw · activity · γ):
        H+              1.0061e-7    1.0061e-7   γ=1.000
        OH-             1.0061e-7    1.0061e-7   γ=1.000
  v3 (beaker) — 72.95 °C, 99.8 g, 100.0 mL liquid, open to atmosphere, pH 6.37, I = 0.0100 m
           1.00 mmol  chloride ion       Aqueous
           1.00 mmol  sodium ion         Aqueous
          5.5343 mol  water              Liquid
      speciation (mol/kgw · activity · γ):
        H2O              5.5510e1    9.9970e-1   γ=0.018
        Cl-             1.0030e-2    8.9357e-3   γ=0.891
        Na+             1.0030e-2    8.9635e-3   γ=0.894
        O2              1.6760e-4    1.6800e-4   γ=1.002
        OH-             4.6894e-7    4.1763e-7   γ=0.891
        H+              4.6894e-7    4.2458e-7   γ=0.905
