  v1: +5.550930 mol water (H2O, M = 18.015 g/mol)
  v1: routing → Kerotakis analytic equilibrium evaluator · vendored USGS phreeqc.dat · ideal-dilute water autoionisation (PHREEQC six-coefficient log K relation) — no represented acid, base, salt, surface, exchanger, gas transfer, or reactive aqueous solute; evaluated the solvent relation without invoking IPhreeqc, while preserving all spectator inventory
  v1: +0.010000 mol sodium chloride (NaCl, M = 58.443 g/mol)
  v1: 0.010000 mol sodium chloride dissolved
  v1: routing → PHREEQC (IPhreeqc, USGS) · wateq4f.dat plus USBM IC 9429 reference-temperature complexes, with the reviewed Sander HBr gas-uptake slice · WATEQ Debye-Hückel extension (reliable to about I = 1 mol/kgw) — the default inorganic aqueous dataset; the solvent's activity is NOT from this dataset — it reports PHREEQC's hard-coded 1 - 0.017*Sum(m) placeholder rather than a model — but from a second speciation of the same solution on pitzer.dat, with the reviewed Sander HBr gas-uptake slice (Pitzer specific-ion-interaction model (valid at high ionic strength)), posed with no phases, gas or interfaces and asked for a_w alone
  v1: pH 6.985 · I = 0.1000 mol/kgw
  v1: T 298.150 K → 298.057 K (ΔT = -0.093 K)
  v2: new vessel
  v2: T 298.150 K → 298.057 K (ΔT = -0.093 K)
  v1 → v2: 25% of the liquid
  v1: pH 6.985 · I = 0.1000 mol/kgw
  v2: routing → PHREEQC (IPhreeqc, USGS) · wateq4f.dat plus USBM IC 9429 reference-temperature complexes, with the reviewed Sander HBr gas-uptake slice · WATEQ Debye-Hückel extension (reliable to about I = 1 mol/kgw) — the default inorganic aqueous dataset; the solvent's activity is NOT from this dataset — it reports PHREEQC's hard-coded 1 - 0.017*Sum(m) placeholder rather than a model — but from a second speciation of the same solution on pitzer.dat, with the reviewed Sander HBr gas-uptake slice (Pitzer specific-ion-interaction model (valid at high ionic strength)), posed with no phases, gas or interfaces and asked for a_w alone
  v2: pH 6.985 · I = 0.1000 mol/kgw
  v1 (beaker) — 24.91 °C, 75.4 g, 75.2 mL liquid, open to atmosphere, pH 6.98, I = 0.1000 m
           7.50 mmol  chloride ion       Aqueous
           7.50 mmol  sodium ion         Aqueous
          4.1632 mol  water              Liquid
      speciation (mol/kgw · activity · γ):
        H2O              5.5510e1    9.9660e-1   γ=0.018
        Cl-             1.0000e-1    7.6430e-2   γ=0.764
        Na+             1.0000e-1    7.8270e-2   γ=0.783
        O2              2.6200e-4    2.6810e-4   γ=1.023
        H+              1.2550e-7    1.0360e-7   γ=0.825
        OH-             1.2550e-7    9.5610e-8   γ=0.762
  v2 (beaker) — 24.91 °C, 25.1 g, 25.1 mL liquid, open to atmosphere, pH 6.98, I = 0.1000 m
           2.50 mmol  chloride ion       Aqueous
           2.50 mmol  sodium ion         Aqueous
          1.3877 mol  water              Liquid
      speciation (mol/kgw · activity · γ):
        H2O              5.5510e1    9.9660e-1   γ=0.018
        Cl-             1.0000e-1    7.6430e-2   γ=0.764
        Na+             1.0000e-1    7.8270e-2   γ=0.783
        O2              2.6200e-4    2.6810e-4   γ=1.023
        OH-             1.2550e-7    9.5610e-8   γ=0.762
        H+              1.2550e-7    1.0360e-7   γ=0.825
