  v1: +5.550930 mol water (H2O, M = 18.015 g/mol)
  v1: routing → Kerotakis analytic equilibrium evaluator · vendored USGS phreeqc.dat · ideal-dilute water autoionisation (PHREEQC six-coefficient log K relation) — no represented acid, base, salt, surface, exchanger, gas transfer, or reactive aqueous solute; evaluated the solvent relation without invoking IPhreeqc, while preserving all spectator inventory
  v1: +0.001000 mol sodium chloride (NaCl, M = 58.443 g/mol)
  v1: 0.001000 mol sodium chloride dissolved
  v1: routing → PHREEQC (IPhreeqc, USGS) · wateq4f.dat plus USBM IC 9429 reference-temperature complexes, with the reviewed Sander HBr gas-uptake slice · WATEQ Debye-Hückel extension (reliable to about I = 1 mol/kgw) — the default inorganic aqueous dataset
  v1: pH 6.997 · I = 0.0100 mol/kgw
  v1 (beaker) — 24.99 °C, 100.1 g, 100.3 mL liquid, open to atmosphere, pH 7.00, I = 0.0100 m
           1.00 mmol  chloride ion       Aqueous
           1.00 mmol  sodium ion         Aqueous
          5.5509 mol  water              Liquid
      speciation (mol/kgw · activity · γ):
        H2O              5.5510e1    9.9970e-1   γ=0.018
        Cl-             1.0000e-2    9.0030e-3   γ=0.900
        Na+             1.0000e-2    9.0300e-3   γ=0.903
        O2              2.6710e-4    2.6770e-4   γ=1.002
        OH-             1.1030e-7    9.9270e-8   γ=0.900
        H+              1.1030e-7    1.0070e-7   γ=0.913
  v1: pH 6.997 · I = 0.0100 mol/kgw
  v1 (beaker) — 24.99 °C, 100.1 g, 100.3 mL liquid, open to atmosphere, pH 7.00, I = 0.0100 m
           1.00 mmol  chloride ion       Aqueous
           1.00 mmol  sodium ion         Aqueous
          5.5509 mol  water              Liquid
      speciation (mol/kgw · activity · γ):
        H2O              5.5510e1    9.9970e-1   γ=0.018
        Cl-             1.0000e-2    9.0030e-3   γ=0.900
        Na+             1.0000e-2    9.0300e-3   γ=0.903
        O2              2.6710e-4    2.6770e-4   γ=1.002
        OH-             1.1030e-7    9.9270e-8   γ=0.900
        H+              1.1030e-7    1.0070e-7   γ=0.913
