  v1: +5.534277 mol water (H2O, M = 18.015 g/mol)
  v1: routing → Kerotakis analytic equilibrium evaluator · vendored USGS phreeqc.dat · ideal-dilute water autoionisation (PHREEQC six-coefficient log K relation) — no represented acid, base, salt, surface, exchanger, gas transfer, or reactive aqueous solute; evaluated the solvent relation without invoking IPhreeqc, while preserving all spectator inventory
  v1: +0.000100 mol potassium permanganate (KMnO4, M = 158.034 g/mol)
  v1: 0.000100 mol potassium permanganate dissolved
  v1: routing → PHREEQC (IPhreeqc, USGS) · wateq4f.dat plus USBM IC 9429 reference-temperature complexes, with the reviewed Sander HBr gas-uptake slice · WATEQ Debye-Hückel extension (reliable to about I = 1 mol/kgw) — the default inorganic aqueous dataset
  v1: pH 6.999 · I = 0.0010 mol/kgw
  v1: The liquid is purple and clear. (liquid #EA00DE, turbidity 0.00)
  v1 spectrophotometer: 2.4000 absorbance at 525 nm — This is a model estimate with limited calibration or simplifying assumptions.
  v1: +49.808493 mol H₂O from 0.9000 L dilution water
  v1: pH 7.000 · I = 0.0001 mol/kgw
  v1: The liquid is pink and clear. (liquid #FF73FA, turbidity 0.00)
  v1 spectrophotometer: 0.2400 absorbance at 525 nm — This is a model estimate with limited calibration or simplifying assumptions.
  v1 (beaker) — 25.00 °C, 997.0 g, 1000.0 mL liquid, open to atmosphere, pH 7.00, pe 13.63 (+0.806 V), I = 0.0001 m
      redox — all Mn as Mn(VII)
          100.0 µmol  potassium ion      Aqueous
          100.0 µmol  permanganate ion   Aqueous
         55.3428 mol  water              Liquid
      speciation (mol/kgw · activity · γ):
        H2O              5.5510e1     1.0000e0   γ=0.018
        O2              2.6770e-4    2.6770e-4   γ=1.000
        K+              1.0030e-4    9.9141e-5   γ=0.988
        MnO4-           1.0030e-4    9.9143e-5   γ=0.988
        OH-             1.0121e-7    1.0004e-7   γ=0.988
        H+              1.0121e-7    1.0006e-7   γ=0.989
