  v1: +5.534277 mol water (H2O, M = 18.015 g/mol)
  v1: routing → Kerotakis analytic equilibrium evaluator · vendored USGS phreeqc.dat · ideal-dilute water autoionisation (PHREEQC six-coefficient log K relation) — no represented acid, base, salt, surface, exchanger, gas transfer, or reactive aqueous solute; evaluated the solvent relation without invoking IPhreeqc, while preserving all spectator inventory
  v1: +0.010000 mol acetic acid (CH3COOH, M = 60.052 g/mol)
  v1: routing → PHREEQC (IPhreeqc, USGS) · minteq.v4.dat plus reviewed lactate and USBM IC 9429 reference-temperature complexes, with the reviewed Sander HBr gas-uptake slice · WATEQ Debye-Hückel extension (reliable to about I = 1 mol/kgw) — chosen because the problem needs chemistry the default dataset lacks (organic ligands, the borrowed hypochlorite couple, or free phosphoric acid)
  v1: pH 2.881 · I = 0.0014 mol/kgw
  v1: T 298.150 K → 298.150 K (ΔT = -0.000 K)
  v1: +0.005000 mol sodium hydroxide (NaOH, M = 39.997 g/mol)
  v1: 0.005000 mol sodium hydroxide dissolved
  v1: 0.000137 mol of acidity cancelled (from the change in the solutes' net charge; PHREEQC reports element totals and never this reaction)
  v1: pH 4.663 · I = 0.0490 mol/kgw
  v1: T 298.150 K → 299.355 K (ΔT = +1.205 K)
  v1 pH meter: 4.6630 pH
  v1 (beaker) — 26.20 °C, 100.5 g, 100.1 mL liquid, open to atmosphere, pH 4.66, I = 0.0490 m
           5.05 mmol  acetic acid        Aqueous
           4.95 mmol  acetate ion        Aqueous
           5.00 mmol  sodium ion         Aqueous
          5.5392 mol  water              Liquid
           52.6 µmol  base equivalents   Aqueous
      speciation (mol/kgw · activity · γ):
        H2O              5.5510e1    9.9750e-1   γ=0.018
        H(Acetate)      5.0080e-2    5.0080e-2   γ=1.000
        Acetate-        4.9040e-2    4.0310e-2   γ=0.822
        Na+             4.9010e-2    4.0290e-2   γ=0.822
        Na(Acetate)     1.0940e-3    1.0940e-3   γ=1.000
        O2              2.2170e-4    2.2430e-4   γ=1.012
        H+              2.6430e-5    2.1730e-5   γ=0.822
